<html>
<body>
<pre>
<h1>礦ision Build Log</h1>
<h2>Tool Versions:</h2>
IDE-Version: μVision V5.17.0.0
Copyright (C) 2015 ARM Ltd and ARM Germany GmbH. All rights reserved.
License Information: nwj nwj, nwj, LIC=S5IBS-LCQ3I-21ZPS-L535N-8GH9C-347J4
 
Tool Versions:
Toolchain:       MDK-ARM Professional  Version: 5.17
Toolchain Path:  C:\Keil_v5\ARM\ARMCC\Bin
C Compiler:      Armcc.exe V5.06 update 1 (build 61)
Assembler:       Armasm.exe V5.06 update 1 (build 61)
Linker/Locator:  ArmLink.exe V5.06 update 1 (build 61)
Library Manager: ArmAr.exe V5.06 update 1 (build 61)
Hex Converter:   FromElf.exe V5.06 update 1 (build 61)
CPU DLL:         SARMCM3.DLL V5.17
Dialog DLL:      DCM.DLL V1.13.4.0
Target DLL:      STLink\ST-LINKIII-KEIL_SWO.dll V2.0.18.0
Dialog DLL:      TCM.DLL V1.14.6.0
 
<h2>Project:</h2>
C:\Users\nwj\Desktop\接口例程\工厂质检盒子\USER\RS485.uvprojx
Project File Date:  06/14/2022

<h2>Output:</h2>
*** Using Compiler 'V5.06 update 1 (build 61)', folder: 'C:\Keil_v5\ARM\ARMCC\Bin'
Rebuild target 'RS485'
compiling stm32f4xx_it.c...
compiling crc.c...
compiling myiic.c...
compiling rs485.c...
compiling main.c...
..\HARDWARE\DATAHD\datahd.h(68): warning:  #1295-D: Deprecated declaration SendDataProcessing - give arg types
  void SendDataProcessing();
main.c: 1 warning, 0 errors
compiling system_stm32f4xx.c...
compiling oled.c...
..\HARDWARE\OLED\oled.c(160): warning:  #223-D: function "sprintf" declared implicitly
  	sprintf(Data,"%5.1f",Fnum);                     
..\HARDWARE\OLED\oled.c(161): warning:  #167-D: argument of type "char *" is incompatible with parameter of type "const u8 *"
  	OLED_ShowString(x,y,Data,size1);          
..\HARDWARE\OLED\oled.c: 2 warnings, 0 errors
compiling motor.c...
..\HARDWARE\DATAHD\datahd.h(68): warning:  #1295-D: Deprecated declaration SendDataProcessing - give arg types
  void SendDataProcessing();
..\HARDWARE\MOTOR\motor.c: 1 warning, 0 errors
compiling timer2.c...
compiling usart.c...
compiling delay.c...
compiling sys.c...
compiling timer.c...
..\HARDWARE\DATAHD\datahd.h(68): warning:  #1295-D: Deprecated declaration SendDataProcessing - give arg types
  void SendDataProcessing();
..\HARDWARE\TIMER\timer.c: 1 warning, 0 errors
compiling datahd.c...
..\HARDWARE\DATAHD\datahd.h(68): warning:  #1295-D: Deprecated declaration SendDataProcessing - give arg types
  void SendDataProcessing();
..\HARDWARE\DATAHD\datahd.c: 1 warning, 0 errors
assembling startup_stm32f40_41xxx.s...
compiling misc.c...
compiling stm32f4xx_syscfg.c...
compiling stm32f4xx_rcc.c...
compiling stm32f4xx_gpio.c...
compiling stm32f4xx_fsmc.c...
compiling stm32f4xx_usart.c...
compiling stm32f4xx_tim.c...
linking...
Program Size: Code=19530 RO-data=6874 RW-data=600 ZI-data=3024  
FromELF: creating hex file...
"..\OBJ\RS485.axf" - 0 Error(s), 6 Warning(s).

<h2>Collection of Component include folders:</h2>
  C:\Users\nwj\Desktop\接口例程\工厂质检盒子\USER\RTE
  C:\Keil_v5\ARM\PACK\Keil\STM32F4xx_DFP\2.7.0\Drivers\CMSIS\Device\ST\STM32F4xx\Include

<h2>Collection of Component Files used:</h2>
Build Time Elapsed:  00:00:20
</pre>
</body>
</html>
