Component: ARM Compiler 5.06 update 1 (build 61) Tool: armlink [4d35a8]

==============================================================================

Section Cross References

    main.o(.text) refers to misc.o(.text) for NVIC_PriorityGroupConfig
    main.o(.text) refers to delay.o(.text) for delay_init
    main.o(.text) refers to rs485.o(.text) for MdbInit
    main.o(.text) refers to myiic.o(.text) for IIC_Init
    main.o(.text) refers to oled.o(.text) for OLED_Init
    main.o(.text) refers to timer.o(.text) for TIM3_Int_Init
    main.o(.text) refers to timer2.o(.text) for TIM2_Int_Init
    main.o(.text) refers to datahd.o(.text) for SendDataInit
    main.o(.text) refers to motor.o(.text) for MotorInit
    system_stm32f4xx.o(.text) refers to system_stm32f4xx.o(.data) for SystemCoreClock
    rs485.o(.text) refers to stm32f4xx_usart.o(.text) for USART_GetITStatus
    rs485.o(.text) refers to stm32f4xx_rcc.o(.text) for RCC_AHB1PeriphClockCmd
    rs485.o(.text) refers to stm32f4xx_gpio.o(.text) for GPIO_PinAFConfig
    rs485.o(.text) refers to misc.o(.text) for NVIC_Init
    rs485.o(.text) refers to rs485.o(.bss) for MdbReceiveData
    myiic.o(.text) refers to stm32f4xx_rcc.o(.text) for RCC_AHB1PeriphClockCmd
    myiic.o(.text) refers to stm32f4xx_gpio.o(.text) for GPIO_Init
    myiic.o(.text) refers to delay.o(.text) for delay_us
    oled.o(.text) refers to _printf_pad.o(.text) for _printf_pre_padding
    oled.o(.text) refers to _printf_percent.o(.ARM.Collect$$_printf_percent$$00000000) for _printf_percent
    oled.o(.text) refers to _printf_f.o(.ARM.Collect$$_printf_percent$$00000003) for _printf_f
    oled.o(.text) refers to printf1.o(x$fpl$printf1) for _printf_fp_dec
    oled.o(.text) refers to myiic.o(.text) for IIC_Start
    oled.o(.text) refers to f2d.o(x$fpl$f2d) for __aeabi_f2d
    oled.o(.text) refers to noretval__2sprintf.o(.text) for __2sprintf
    oled.o(.text) refers to delay.o(.text) for delay_ms
    oled.o(.text) refers to oled.o(.bss) for OLED_GRAM
    oled.o(.text) refers to oled.o(.constdata) for asc2_1206
    crc.o(.text) refers to crc.o(.data) for auchCRCHi
    timer.o(.text) refers to stm32f4xx_rcc.o(.text) for RCC_APB1PeriphClockCmd
    timer.o(.text) refers to stm32f4xx_tim.o(.text) for TIM_TimeBaseInit
    timer.o(.text) refers to misc.o(.text) for NVIC_Init
    timer.o(.text) refers to rs485.o(.bss) for MdbReceiveData
    motor.o(.text) refers to rt_memcpy_w.o(.text) for __aeabi_memcpy4
    motor.o(.text) refers to crc.o(.text) for MdbCrc16
    motor.o(.text) refers to rs485.o(.text) for RS485_Send_Data
    motor.o(.text) refers to delay.o(.text) for delay_ms
    motor.o(.text) refers to motor.o(.constdata) for .constdata
    timer2.o(.text) refers to stm32f4xx_rcc.o(.text) for RCC_APB1PeriphClockCmd
    timer2.o(.text) refers to stm32f4xx_tim.o(.text) for TIM_TimeBaseInit
    timer2.o(.text) refers to misc.o(.text) for NVIC_Init
    timer2.o(.text) refers to timer2.o(.data) for Timer2Flag
    datahd.o(.text) refers to crc.o(.text) for MdbCrc16
    datahd.o(.text) refers to rs485.o(.text) for RS485_Send_Data
    datahd.o(.text) refers to dflt_clz.o(x$fpl$dfltu) for __aeabi_ui2d
    datahd.o(.text) refers to ddiv.o(x$fpl$ddiv) for __aeabi_ddiv
    datahd.o(.text) refers to daddsub_clz.o(x$fpl$dsub) for __aeabi_dsub
    datahd.o(.text) refers to d2f.o(x$fpl$d2f) for __aeabi_d2f
    datahd.o(.text) refers to oled.o(.text) for OLED_ShowFNum
    datahd.o(.text) refers to rt_memcpy_w.o(.text) for __aeabi_memcpy4
    datahd.o(.text) refers to rs485.o(.bss) for MdbReceiveData
    datahd.o(.text) refers to datahd.o(.data) for IORead
    datahd.o(.text) refers to datahd.o(.constdata) for .constdata
    datahd.o(.text) refers to timer2.o(.data) for Timer2Flag
    datahd.o(.text) refers to motor.o(.text) for MotorStop
    datahd.o(.text) refers to datahd.o(.bss) for Mdb
    delay.o(.text) refers to misc.o(.text) for SysTick_CLKSourceConfig
    delay.o(.text) refers to delay.o(.data) for fac_us
    usart.o(.rev16_text) refers (Special) to use_no_semi_2.o(.text) for __use_no_semihosting
    usart.o(.revsh_text) refers (Special) to use_no_semi_2.o(.text) for __use_no_semihosting
    usart.o(.text) refers (Special) to use_no_semi_2.o(.text) for __use_no_semihosting
    usart.o(.text) refers to stm32f4xx_rcc.o(.text) for RCC_AHB1PeriphClockCmd
    usart.o(.text) refers to stm32f4xx_gpio.o(.text) for GPIO_PinAFConfig
    usart.o(.text) refers to stm32f4xx_usart.o(.text) for USART_Init
    usart.o(.text) refers to misc.o(.text) for NVIC_Init
    usart.o(.text) refers to usart.o(.data) for USART_RX_STA
    usart.o(.text) refers to usart.o(.bss) for USART_RX_BUF
    usart.o(.bss) refers (Special) to use_no_semi_2.o(.text) for __use_no_semihosting
    usart.o(.data) refers (Special) to use_no_semi_2.o(.text) for __use_no_semihosting
    startup_stm32f40_41xxx.o(STACK) refers (Special) to heapauxi.o(.text) for __use_two_region_memory
[...]
    ..\HARDWARE\IIC\myiic.c                  0x00000000   Number         0  myiic.o ABSOLUTE
    ..\HARDWARE\MODBUSCRC\crc.c              0x00000000   Number         0  crc.o ABSOLUTE
    ..\HARDWARE\MOTOR\motor.c                0x00000000   Number         0  motor.o ABSOLUTE
    ..\HARDWARE\OLED\oled.c                  0x00000000   Number         0  oled.o ABSOLUTE
    ..\HARDWARE\RS485\rs485.c                0x00000000   Number         0  rs485.o ABSOLUTE
    ..\HARDWARE\TIMER2\timer2.c              0x00000000   Number         0  timer2.o ABSOLUTE
    ..\HARDWARE\TIMER\timer.c                0x00000000   Number         0  timer.o ABSOLUTE
    ..\SYSTEM\delay\delay.c                  0x00000000   Number         0  delay.o ABSOLUTE
    ..\SYSTEM\sys\sys.c                      0x00000000   Number         0  sys.o ABSOLUTE
    ..\SYSTEM\usart\usart.c                  0x00000000   Number         0  usart.o ABSOLUTE
    ..\\FWLIB\\src\\misc.c                   0x00000000   Number         0  misc.o ABSOLUTE
    ..\\FWLIB\\src\\stm32f4xx_fsmc.c         0x00000000   Number         0  stm32f4xx_fsmc.o ABSOLUTE
    ..\\FWLIB\\src\\stm32f4xx_gpio.c         0x00000000   Number         0  stm32f4xx_gpio.o ABSOLUTE
    ..\\FWLIB\\src\\stm32f4xx_rcc.c          0x00000000   Number         0  stm32f4xx_rcc.o ABSOLUTE
    ..\\FWLIB\\src\\stm32f4xx_syscfg.c       0x00000000   Number         0  stm32f4xx_syscfg.o ABSOLUTE
    ..\\FWLIB\\src\\stm32f4xx_tim.c          0x00000000   Number         0  stm32f4xx_tim.o ABSOLUTE
    ..\\FWLIB\\src\\stm32f4xx_usart.c        0x00000000   Number         0  stm32f4xx_usart.o ABSOLUTE
    ..\\HARDWARE\\DATAHD\\datahd.c           0x00000000   Number         0  datahd.o ABSOLUTE
    ..\\HARDWARE\\IIC\\myiic.c               0x00000000   Number         0  myiic.o ABSOLUTE
    ..\\HARDWARE\\MODBUSCRC\\crc.c           0x00000000   Number         0  crc.o ABSOLUTE
    ..\\HARDWARE\\MOTOR\\motor.c             0x00000000   Number         0  motor.o ABSOLUTE
    ..\\HARDWARE\\OLED\\oled.c               0x00000000   Number         0  oled.o ABSOLUTE
    ..\\HARDWARE\\RS485\\rs485.c             0x00000000   Number         0  rs485.o ABSOLUTE
    ..\\HARDWARE\\TIMER2\\timer2.c           0x00000000   Number         0  timer2.o ABSOLUTE
    ..\\HARDWARE\\TIMER\\timer.c             0x00000000   Number         0  timer.o ABSOLUTE
    ..\\SYSTEM\\delay\\delay.c               0x00000000   Number         0  delay.o ABSOLUTE
    ..\\SYSTEM\\sys\\sys.c                   0x00000000   Number         0  sys.o ABSOLUTE
    ..\\SYSTEM\\usart\\usart.c               0x00000000   Number         0  usart.o ABSOLUTE
    dc.s                                     0x00000000   Number         0  dc.o ABSOLUTE
    main.c                                   0x00000000   Number         0  main.o ABSOLUTE
    main.c                                   0x00000000   Number         0  main.o ABSOLUTE
    stm32f4xx_it.c                           0x00000000   Number         0  stm32f4xx_it.o ABSOLUTE
    stm32f4xx_it.c                           0x00000000   Number         0  stm32f4xx_it.o ABSOLUTE
    system_stm32f4xx.c                       0x00000000   Number         0  system_stm32f4xx.o ABSOLUTE
    system_stm32f4xx.c                       0x00000000   Number         0  system_stm32f4xx.o ABSOLUTE
    RESET                                    0x08000000   Section      392  startup_stm32f40_41xxx.o(RESET)
    !!!main                                  0x08000188   Section        8  __main.o(!!!main)
    !!!scatter                               0x08000190   Section       52  __scatter.o(!!!scatter)
    !!dczerorl2                              0x080001c4   Section       90  __dczerorl2.o(!!dczerorl2)
    !!handler_zi                             0x08000220   Section       28  __scatter_zi.o(!!handler_zi)
    .ARM.Collect$$_printf_percent$$00000000  0x0800023c   Section        0  _printf_percent.o(.ARM.Collect$$_printf_percent$$00000000)
    .ARM.Collect$$_printf_percent$$00000003  0x0800023c   Section        6  _printf_f.o(.ARM.Collect$$_printf_percent$$00000003)
    .ARM.Collect$$_printf_percent$$00000017  0x08000242   Section        4  _printf_percent_end.o(.ARM.Collect$$_printf_percent$$00000017)
    .ARM.Collect$$libinit$$00000000          0x08000246   Section        2  libinit.o(.ARM.Collect$$libinit$$00000000)
    .ARM.Collect$$libinit$$00000001          0x08000248   Section        4  libinit2.o(.ARM.Collect$$libinit$$00000001)
    .ARM.Collect$$libinit$$00000004          0x0800024c   Section        0  libinit2.o(.ARM.Collect$$libinit$$00000004)
    .ARM.Collect$$libinit$$0000000A          0x0800024c   Section        0  libinit2.o(.ARM.Collect$$libinit$$0000000A)
    .ARM.Collect$$libinit$$0000000C          0x0800024c   Section        0  libinit2.o(.ARM.Collect$$libinit$$0000000C)
    .ARM.Collect$$libinit$$0000000E          0x0800024c   Section        0  libinit2.o(.ARM.Collect$$libinit$$0000000E)
    .ARM.Collect$$libinit$$0000000F          0x0800024c   Section        6  libinit2.o(.ARM.Collect$$libinit$$0000000F)
    .ARM.Collect$$libinit$$00000011          0x08000252   Section        0  libinit2.o(.ARM.Collect$$libinit$$00000011)
    .ARM.Collect$$libinit$$00000013          0x08000252   Section        0  libinit2.o(.ARM.Collect$$libinit$$00000013)
    .ARM.Collect$$libinit$$00000015          0x08000252   Section        0  libinit2.o(.ARM.Collect$$libinit$$00000015)
    .ARM.Collect$$libinit$$00000016          0x08000252   Section       10  libinit2.o(.ARM.Collect$$libinit$$00000016)
    .ARM.Collect$$libinit$$00000017          0x0800025c   Section        0  libinit2.o(.ARM.Collect$$libinit$$00000017)
    .ARM.Collect$$libinit$$00000019          0x0800025c   Section        0  libinit2.o(.ARM.Collect$$libinit$$00000019)
    .ARM.Collect$$libinit$$0000001B          0x0800025c   Section        0  libinit2.o(.ARM.Collect$$libinit$$0000001B)
    .ARM.Collect$$libinit$$0000001D          0x0800025c   Section        0  libinit2.o(.ARM.Collect$$libinit$$0000001D)
    .ARM.Collect$$libinit$$0000001F          0x0800025c   Section        0  libinit2.o(.ARM.Collect$$libinit$$0000001F)
    .ARM.Collect$$libinit$$00000021          0x0800025c   Section        0  libinit2.o(.ARM.Collect$$libinit$$00000021)
    .ARM.Collect$$libinit$$00000023          0x0800025c   Section        0  libinit2.o(.ARM.Collect$$libinit$$00000023)
    .ARM.Collect$$libinit$$00000025          0x0800025c   Section        0  libinit2.o(.ARM.Collect$$libinit$$00000025)
    .ARM.Collect$$libinit$$0000002C          0x0800025c   Section        0  libinit2.o(.ARM.Collect$$libinit$$0000002C)
    .ARM.Collect$$libinit$$0000002E          0x0800025c   Section        0  libinit2.o(.ARM.Collect$$libinit$$0000002E)
    .ARM.Collect$$libinit$$00000030          0x0800025c   Section        0  libinit2.o(.ARM.Collect$$libinit$$00000030)
    .ARM.Collect$$libinit$$00000032          0x0800025c   Section        0  libinit2.o(.ARM.Collect$$libinit$$00000032)
    .ARM.Collect$$libinit$$00000033          0x0800025c   Section        2  libinit2.o(.ARM.Collect$$libinit$$00000033)
    .ARM.Collect$$libshutdown$$00000000      0x0800025e   Section        2  libshutdown.o(.ARM.Collect$$libshutdown$$00000000)
    .ARM.Collect$$libshutdown$$00000002      0x08000260   Section        0  libshutdown2.o(.ARM.Collect$$libshutdown$$00000002)
    .ARM.Collect$$libshutdown$$00000004      0x08000260   Section        0  libshutdown2.o(.ARM.Collect$$libshutdown$$00000004)
    .ARM.Collect$$libshutdown$$00000007      0x08000260   Section        0  libshutdown2.o(.ARM.Collect$$libshutdown$$00000007)
    .ARM.Collect$$libshutdown$$0000000A      0x08000260   Section        0  libshutdown2.o(.ARM.Collect$$libshutdown$$0000000A)
    .ARM.Collect$$libshutdown$$0000000C      0x08000260   Section        0  libshutdown2.o(.ARM.Collect$$libshutdown$$0000000C)
    .ARM.Collect$$libshutdown$$0000000F      0x08000260   Section        0  libshutdown2.o(.ARM.Collect$$libshutdown$$0000000F)
    .ARM.Collect$$libshutdown$$00000010      0x08000260   Section        2  libshutdown2.o(.ARM.Collect$$libshutdown$$00000010)
    .ARM.Collect$$rtentry$$00000000          0x08000262   Section        0  __rtentry.o(.ARM.Collect$$rtentry$$00000000)
    .ARM.Collect$$rtentry$$00000002          0x08000262   Section        0  __rtentry2.o(.ARM.Collect$$rtentry$$00000002)
    .ARM.Collect$$rtentry$$00000004          0x08000262   Section        6  __rtentry4.o(.ARM.Collect$$rtentry$$00000004)
    .ARM.Collect$$rtentry$$00000009          0x08000268   Section        0  __rtentry2.o(.ARM.Collect$$rtentry$$00000009)
    .ARM.Collect$$rtentry$$0000000A          0x08000268   Section        4  __rtentry2.o(.ARM.Collect$$rtentry$$0000000A)
    .ARM.Collect$$rtentry$$0000000C          0x0800026c   Section        0  __rtentry2.o(.ARM.Collect$$rtentry$$0000000C)
    .ARM.Collect$$rtentry$$0000000D          0x0800026c   Section        8  __rtentry2.o(.ARM.Collect$$rtentry$$0000000D)
    .ARM.Collect$$rtexit$$00000000           0x08000274   Section        2  rtexit.o(.ARM.Collect$$rtexit$$00000000)
    .ARM.Collect$$rtexit$$00000002           0x08000276   Section        0  rtexit2.o(.ARM.Collect$$rtexit$$00000002)
    .ARM.Collect$$rtexit$$00000003           0x08000276   Section        4  rtexit2.o(.ARM.Collect$$rtexit$$00000003)
    .ARM.Collect$$rtexit$$00000004           0x0800027a   Section        6  rtexit2.o(.ARM.Collect$$rtexit$$00000004)
    .text                                    0x08000280   Section        0  main.o(.text)
    .text                                    0x08000350   Section        0  stm32f4xx_it.o(.text)
    .text                                    0x0800036c   Section        0  system_stm32f4xx.o(.text)
    SetSysClock                              0x0800036d   Thumb Code   220  system_stm32f4xx.o(.text)
    .text                                    0x0800057c   Section        0  rs485.o(.text)
    Rs485Init                                0x080005c1   Thumb Code   226  rs485.o(.text)
    MdbReceiveInit                           0x080006a3   Thumb Code    20  rs485.o(.text)
    .text                                    0x08000724   Section        0  myiic.o(.text)
    .text                                    0x08000980   Section        0  oled.o(.text)
    .text                                    0x08000e94   Section        0  crc.o(.text)
    .text                                    0x08000ecc   Section        0  timer.o(.text)
    .text                                    0x08000f68   Section        0  motor.o(.text)
    .text                                    0x080011fc   Section        0  timer2.o(.text)
    .text                                    0x08001280   Section        0  datahd.o(.text)
    MdbrtuCRCcheck                           0x08001281   Thumb Code    62  datahd.o(.text)
    mdbrtuFuncCode01                         0x080012bf   Thumb Code    70  datahd.o(.text)
    mdbrtuFuncCode03                         0x08001305   Thumb Code   392  datahd.o(.text)
    mdbrtuFuncCode06                         0x0800148d   Thumb Code     2  datahd.o(.text)
    mdbrtuFuncCode0f                         0x0800148f   Thumb Code     2  datahd.o(.text)
    mdbrtuFuncCode10                         0x08001491   Thumb Code     2  datahd.o(.text)
    DataError                                0x08001493   Thumb Code     2  datahd.o(.text)
    RS485ReadDI                              0x08001495   Thumb Code    56  datahd.o(.text)
    RS485ReadAI                              0x080014cd   Thumb Code    58  datahd.o(.text)
    MotorRunning                             0x080015c3   Thumb Code   226  datahd.o(.text)
    .text                                    0x0800177c   Section        0  delay.o(.text)
    .text                                    0x08001880   Section        0  usart.o(.text)
    .text                                    0x080019cc   Section       64  startup_stm32f40_41xxx.o(.text)
    $v0                                      0x080019cc   Number         0  startup_stm32f40_41xxx.o(.text)
    .text                                    0x08001a0c   Section        0  misc.o(.text)
    .text                                    0x08001aec   Section        0  stm32f4xx_gpio.o(.text)
    .text                                    0x08001d80   Section        0  stm32f4xx_rcc.o(.text)
    .text                                    0x080023dc   Section        0  stm32f4xx_usart.o(.text)
    .text                                    0x08002830   Section        0  stm32f4xx_tim.o(.text)
    TI4_Config                               0x08002fcf   Thumb Code    80  stm32f4xx_tim.o(.text)
    TI3_Config                               0x08003031   Thumb Code    72  stm32f4xx_tim.o(.text)
    TI2_Config                               0x08003093   Thumb Code    90  stm32f4xx_tim.o(.text)
    TI1_Config                               0x080030ff   Thumb Code    58  stm32f4xx_tim.o(.text)
    .text                                    0x080034d2   Section        2  use_no_semi_2.o(.text)
    .text                                    0x080034d4   Section        0  noretval__2sprintf.o(.text)
    .text                                    0x080034fc   Section        0  _printf_pad.o(.text)
    .text                                    0x0800354a   Section        0  __printf_wp.o(.text)
    .text                                    0x08003658   Section      100  rt_memcpy_w.o(.text)
    .text                                    0x080036bc   Section        0  heapauxi.o(.text)
    .text                                    0x080036c2   Section        2  use_no_semi.o(.text)
    .text                                    0x080036c4   Section        0  _printf_fp_dec.o(.text)
    _fp_digits                               0x080036c7   Thumb Code   428  _printf_fp_dec.o(.text)
    .text                                    0x08003ae0   Section        0  _printf_char_common.o(.text)
    _printf_input_char                       0x08003ae1   Thumb Code    10  _printf_char_common.o(.text)
    .text                                    0x08003b10   Section        0  _sputc.o(.text)
    .text                                    0x08003b1c   Section        8  rt_locale_intlibspace.o(.text)
    .text                                    0x08003b24   Section      138  lludiv10.o(.text)
    .text                                    0x08003bb0   Section        0  _printf_fp_infnan.o(.text)
    .text                                    0x08003c30   Section        0  bigflt0.o(.text)
    .text                                    0x08003d0c   Section        8  libspace.o(.text)
    .text                                    0x08003d14   Section       74  sys_stackheap_outer.o(.text)
    .text                                    0x08003d5e   Section        0  exit.o(.text)
    .text                                    0x08003d70   Section      128  strcmpv7m.o(.text)
    CL$$btod_d2e                             0x08003df0   Section       62  btod.o(CL$$btod_d2e)
    CL$$btod_d2e_denorm_low                  0x08003e2e   Section       70  btod.o(CL$$btod_d2e_denorm_low)
    CL$$btod_d2e_norm_op1                    0x08003e74   Section       96  btod.o(CL$$btod_d2e_norm_op1)
    CL$$btod_div_common                      0x08003ed4   Section      824  btod.o(CL$$btod_div_common)
    CL$$btod_e2e                             0x0800420c   Section      198  btod.o(CL$$btod_e2e)
    CL$$btod_ediv                            0x080042d2   Section       40  btod.o(CL$$btod_ediv)
    CL$$btod_emul                            0x080042fa   Section       40  btod.o(CL$$btod_emul)
    CL$$btod_mult_common                     0x08004322   Section      580  btod.o(CL$$btod_mult_common)
    i.__ARM_fpclassify                       0x08004566   Section        0  fpclassify.o(i.__ARM_fpclassify)
    i._is_digit                              0x08004596   Section        0  __printf_wp.o(i._is_digit)
    locale$$code                             0x080045a4   Section       44  lc_numeric_c.o(locale$$code)
    x$fpl$d2f                                0x080045d0   Section       98  d2f.o(x$fpl$d2f)
    $v0                                      0x080045d0   Number         0  d2f.o(x$fpl$d2f)
    x$fpl$dadd                               0x08004634   Section      336  daddsub_clz.o(x$fpl$dadd)
    $v0                                      0x08004634   Number         0  daddsub_clz.o(x$fpl$dadd)
    _dadd1                                   0x08004645   Thumb Code     0  daddsub_clz.o(x$fpl$dadd)
    x$fpl$ddiv                               0x08004784   Section      688  ddiv.o(x$fpl$ddiv)
    $v0                                      0x08004784   Number         0  ddiv.o(x$fpl$ddiv)
    ddiv_entry                               0x0800478b   Thumb Code     0  ddiv.o(x$fpl$ddiv)
    x$fpl$dfltu                              0x08004a34   Section       38  dflt_clz.o(x$fpl$dfltu)
    $v0                                      0x08004a34   Number         0  dflt_clz.o(x$fpl$dfltu)
    x$fpl$dnaninf                            0x08004a5a   Section      156  dnaninf.o(x$fpl$dnaninf)
    $v0                                      0x08004a5a   Number         0  dnaninf.o(x$fpl$dnaninf)
    x$fpl$dretinf                            0x08004af6   Section       12  dretinf.o(x$fpl$dretinf)
    $v0                                      0x08004af6   Number         0  dretinf.o(x$fpl$dretinf)
    x$fpl$dsub                               0x08004b04   Section      468  daddsub_clz.o(x$fpl$dsub)
    $v0                                      0x08004b04   Number         0  daddsub_clz.o(x$fpl$dsub)
    _dsub1                                   0x08004b15   Thumb Code     0  daddsub_clz.o(x$fpl$dsub)
    x$fpl$f2d                                0x08004cd8   Section       86  f2d.o(x$fpl$f2d)
    $v0                                      0x08004cd8   Number         0  f2d.o(x$fpl$f2d)
    x$fpl$fnaninf                            0x08004d2e   Section      140  fnaninf.o(x$fpl$fnaninf)
    $v0                                      0x08004d2e   Number         0  fnaninf.o(x$fpl$fnaninf)
    x$fpl$fpinit                             0x08004dba   Section       10  fpinit.o(x$fpl$fpinit)
    $v0                                      0x08004dba   Number         0  fpinit.o(x$fpl$fpinit)
    x$fpl$fretinf                            0x08004dc4   Section       10  fretinf.o(x$fpl$fretinf)
    $v0                                      0x08004dc4   Number         0  fretinf.o(x$fpl$fretinf)
    x$fpl$printf1                            0x08004dce   Section        4  printf1.o(x$fpl$printf1)
    $v0                                      0x08004dce   Number         0  printf1.o(x$fpl$printf1)
    .constdata                               0x08004dd2   Section     6080  oled.o(.constdata)
    x$fpl$usenofp                            0x08004dd2   Section        0  usenofp.o(x$fpl$usenofp)
    .constdata                               0x08006594   Section      152  motor.o(.constdata)
    .constdata                               0x0800662c   Section       40  datahd.o(.constdata)
    .constdata                               0x08006654   Section      148  bigflt0.o(.constdata)
    tenpwrs_x                                0x08006654   Data          60  bigflt0.o(.constdata)
    tenpwrs_i                                0x08006690   Data          64  bigflt0.o(.constdata)
    locale$$data                             0x08006708   Section       28  lc_numeric_c.o(locale$$data)
    __lcnum_c_name                           0x0800670c   Data           2  lc_numeric_c.o(locale$$data)
    __lcnum_c_start                          0x08006714   Data           0  lc_numeric_c.o(locale$$data)
    __lcnum_c_point                          0x08006720   Data           0  lc_numeric_c.o(locale$$data)
    __lcnum_c_thousands                      0x08006722   Data           0  lc_numeric_c.o(locale$$data)
    __lcnum_c_grouping                       0x08006723   Data           0  lc_numeric_c.o(locale$$data)
    __lcnum_c_end                            0x08006724   Data           0  lc_numeric_c.o(locale$$data)
    .data                                    0x20000000   Section       20  system_stm32f4xx.o(.data)
    .data                                    0x20000014   Section      512  crc.o(.data)
    auchCRCHi                                0x20000014   Data         256  crc.o(.data)
    auchCRCLo                                0x20000114   Data         256  crc.o(.data)
    .data                                    0x20000214   Section        1  timer2.o(.data)
    .data                                    0x20000218   Section       33  datahd.o(.data)
    .data                                    0x2000023a   Section        4  delay.o(.data)
    fac_us                                   0x2000023a   Data           1  delay.o(.data)
    fac_ms                                   0x2000023c   Data           2  delay.o(.data)
    .data                                    0x20000240   Section        6  usart.o(.data)
    .data                                    0x20000246   Section       16  stm32f4xx_rcc.o(.data)
    APBAHBPrescTable                         0x20000246   Data          16  stm32f4xx_rcc.o(.data)
    .bss                                     0x20000258   Section       68  rs485.o(.bss)
    .bss                                     0x2000029c   Section     1056  oled.o(.bss)
    .bss                                     0x200006bc   Section       65  datahd.o(.bss)
    .bss                                     0x200006fd   Section      200  usart.o(.bss)
    .bss                                     0x200007c8   Section       96  libspace.o(.bss)
    HEAP                                     0x20000828   Section      512  startup_stm32f40_41xxx.o(HEAP)
    Heap_Mem                                 0x20000828   Data         512  startup_stm32f40_41xxx.o(HEAP)
    STACK                                    0x20000a28   Section     1024  startup_stm32f40_41xxx.o(STACK)
    Stack_Mem                                0x20000a28   Data        1024  startup_stm32f40_41xxx.o(STACK)
    __initial_sp                             0x20000e28   Data           0  startup_stm32f40_41xxx.o(STACK)

    Global Symbols

    Symbol Name                              Value     Ov Type        Size  Object(Section)

    BuildAttributes$$THM_ISAv4$E$P$D$K$B$S$7EM$VFPi3$EXTD16$VFPS$VFMA$PE$A:L22UL41UL21$X:L11$S22US41US21$IEEE1$IW$USESV6$~STKCKD$USESV7$~SHL$OTIME$ROPI$IEEEJ$EBA8$UX$STANDARDLIB$REQ8$PRES8$EABIv2 0x00000000   Number         0  anon$$obj.o ABSOLUTE
    __ARM_use_no_argv                        0x00000000   Number         0  main.o ABSOLUTE
    _printf_flags                            0x00000000   Number         0  printf_stubs.o ABSOLUTE
    _printf_return_value                     0x00000000   Number         0  printf_stubs.o ABSOLUTE
    _printf_sizespec                         0x00000000   Number         0  printf_stubs.o ABSOLUTE
    _printf_widthprec                        0x00000000   Number         0  printf_stubs.o ABSOLUTE
    __ARM_exceptions_init                     - Undefined Weak Reference
    __alloca_initialize                       - Undefined Weak Reference
    __arm_preinit_                            - Undefined Weak Reference
    __cpp_initialize__aeabi_                  - Undefined Weak Reference
    __cxa_finalize                            - Undefined Weak Reference
    __sigvec_lookup                           - Undefined Weak Reference
    _atexit_init                              - Undefined Weak Reference
    _call_atexit_fns                          - Undefined Weak Reference
    _clock_init                               - Undefined Weak Reference
    _fp_trap_init                             - Undefined Weak Reference
    _fp_trap_shutdown                         - Undefined Weak Reference
    _get_lc_collate                           - Undefined Weak Reference
    _get_lc_ctype                             - Undefined Weak Reference
    _get_lc_monetary                          - Undefined Weak Reference
    _get_lc_time                              - Undefined Weak Reference
    _getenv_init                              - Undefined Weak Reference
    _handle_redirection                       - Undefined Weak Reference
    _init_alloc                               - Undefined Weak Reference
    _init_user_alloc                          - Undefined Weak Reference
    _initio                                   - Undefined Weak Reference
    _rand_init                                - Undefined Weak Reference
    _signal_finish                            - Undefined Weak Reference
    _signal_init                              - Undefined Weak Reference
    _terminate_alloc                          - Undefined Weak Reference
    _terminate_user_alloc                     - Undefined Weak Reference
    _terminateio                              - Undefined Weak Reference
    __Vectors_Size                           0x00000188   Number         0  startup_stm32f40_41xxx.o ABSOLUTE
    __Vectors                                0x08000000   Data           4  startup_stm32f40_41xxx.o(RESET)
    __Vectors_End                            0x08000188   Data           0  startup_stm32f40_41xxx.o(RESET)
    __main                                   0x08000189   Thumb Code     8  __main.o(!!!main)
    __scatterload                            0x08000191   Thumb Code     0  __scatter.o(!!!scatter)
    __scatterload_rt2                        0x08000191   Thumb Code    44  __scatter.o(!!!scatter)
    __scatterload_rt2_thumb_only             0x08000191   Thumb Code     0  __scatter.o(!!!scatter)
    __scatterload_null                       0x0800019f   Thumb Code     0  __scatter.o(!!!scatter)
    __decompress                             0x080001c5   Thumb Code    90  __dczerorl2.o(!!dczerorl2)
    __decompress1                            0x080001c5   Thumb Code     0  __dczerorl2.o(!!dczerorl2)
    __scatterload_zeroinit                   0x08000221   Thumb Code    28  __scatter_zi.o(!!handler_zi)
    _printf_f                                0x0800023d   Thumb Code     0  _printf_f.o(.ARM.Collect$$_printf_percent$$00000003)
    _printf_percent                          0x0800023d   Thumb Code     0  _printf_percent.o(.ARM.Collect$$_printf_percent$$00000000)
    _printf_percent_end                      0x08000243   Thumb Code     0  _printf_percent_end.o(.ARM.Collect$$_printf_percent$$00000017)
    __rt_lib_init                            0x08000247   Thumb Code     0  libinit.o(.ARM.Collect$$libinit$$00000000)
    __rt_lib_init_fp_1                       0x08000249   Thumb Code     0  libinit2.o(.ARM.Collect$$libinit$$00000001)
    __rt_lib_init_heap_1                     0x0800024d   Thumb Code     0  libinit2.o(.ARM.Collect$$libinit$$0000000A)
    __rt_lib_init_lc_common                  0x0800024d   Thumb Code     0  libinit2.o(.ARM.Collect$$libinit$$0000000F)
    __rt_lib_init_preinit_1                  0x0800024d   Thumb Code     0  libinit2.o(.ARM.Collect$$libinit$$00000004)
    __rt_lib_init_rand_1                     0x0800024d   Thumb Code     0  libinit2.o(.ARM.Collect$$libinit$$0000000E)
    __rt_lib_init_user_alloc_1               0x0800024d   Thumb Code     0  libinit2.o(.ARM.Collect$$libinit$$0000000C)
    __rt_lib_init_lc_collate_1               0x08000253   Thumb Code     0  libinit2.o(.ARM.Collect$$libinit$$00000011)
    __rt_lib_init_lc_ctype_1                 0x08000253   Thumb Code     0  libinit2.o(.ARM.Collect$$libinit$$00000013)
    __rt_lib_init_lc_monetary_1              0x08000253   Thumb Code     0  libinit2.o(.ARM.Collect$$libinit$$00000015)
    __rt_lib_init_lc_numeric_2               0x08000253   Thumb Code     0  libinit2.o(.ARM.Collect$$libinit$$00000016)
    __rt_lib_init_alloca_1                   0x0800025d   Thumb Code     0  libinit2.o(.ARM.Collect$$libinit$$0000002E)
    __rt_lib_init_argv_1                     0x0800025d   Thumb Code     0  libinit2.o(.ARM.Collect$$libinit$$0000002C)
    __rt_lib_init_atexit_1                   0x0800025d   Thumb Code     0  libinit2.o(.ARM.Collect$$libinit$$0000001B)
    __rt_lib_init_clock_1                    0x0800025d   Thumb Code     0  libinit2.o(.ARM.Collect$$libinit$$00000021)
    __rt_lib_init_cpp_1                      0x0800025d   Thumb Code     0  libinit2.o(.ARM.Collect$$libinit$$00000032)
    __rt_lib_init_exceptions_1               0x0800025d   Thumb Code     0  libinit2.o(.ARM.Collect$$libinit$$00000030)
    __rt_lib_init_fp_trap_1                  0x0800025d   Thumb Code     0  libinit2.o(.ARM.Collect$$libinit$$0000001F)
    __rt_lib_init_getenv_1                   0x0800025d   Thumb Code     0  libinit2.o(.ARM.Collect$$libinit$$00000023)
    __rt_lib_init_lc_numeric_1               0x0800025d   Thumb Code     0  libinit2.o(.ARM.Collect$$libinit$$00000017)
    __rt_lib_init_lc_time_1                  0x0800025d   Thumb Code     0  libinit2.o(.ARM.Collect$$libinit$$00000019)
    __rt_lib_init_return                     0x0800025d   Thumb Code     0  libinit2.o(.ARM.Collect$$libinit$$00000033)
    __rt_lib_init_signal_1                   0x0800025d   Thumb Code     0  libinit2.o(.ARM.Collect$$libinit$$0000001D)
    __rt_lib_init_stdio_1                    0x0800025d   Thumb Code     0  libinit2.o(.ARM.Collect$$libinit$$00000025)
    __rt_lib_shutdown                        0x0800025f   Thumb Code     0  libshutdown.o(.ARM.Collect$$libshutdown$$00000000)
    __rt_lib_shutdown_cpp_1                  0x08000261   Thumb Code     0  libshutdown2.o(.ARM.Collect$$libshutdown$$00000002)
    __rt_lib_shutdown_fp_trap_1              0x08000261   Thumb Code     0  libshutdown2.o(.ARM.Collect$$libshutdown$$00000007)
    __rt_lib_shutdown_heap_1                 0x08000261   Thumb Code     0  libshutdown2.o(.ARM.Collect$$libshutdown$$0000000F)
    __rt_lib_shutdown_return                 0x08000261   Thumb Code     0  libshutdown2.o(.ARM.Collect$$libshutdown$$00000010)
    __rt_lib_shutdown_signal_1               0x08000261   Thumb Code     0  libshutdown2.o(.ARM.Collect$$libshutdown$$0000000A)
    __rt_lib_shutdown_stdio_1                0x08000261   Thumb Code     0  libshutdown2.o(.ARM.Collect$$libshutdown$$00000004)
    __rt_lib_shutdown_user_alloc_1           0x08000261   Thumb Code     0  libshutdown2.o(.ARM.Collect$$libshutdown$$0000000C)
    __rt_entry                               0x08000263   Thumb Code     0  __rtentry.o(.ARM.Collect$$rtentry$$00000000)
    __rt_entry_presh_1                       0x08000263   Thumb Code     0  __rtentry2.o(.ARM.Collect$$rtentry$$00000002)
    __rt_entry_sh                            0x08000263   Thumb Code     0  __rtentry4.o(.ARM.Collect$$rtentry$$00000004)
    __rt_entry_li                            0x08000269   Thumb Code     0  __rtentry2.o(.ARM.Collect$$rtentry$$0000000A)
    __rt_entry_postsh_1                      0x08000269   Thumb Code     0  __rtentry2.o(.ARM.Collect$$rtentry$$00000009)
    __rt_entry_main                          0x0800026d   Thumb Code     0  __rtentry2.o(.ARM.Collect$$rtentry$$0000000D)
    __rt_entry_postli_1                      0x0800026d   Thumb Code     0  __rtentry2.o(.ARM.Collect$$rtentry$$0000000C)
    __rt_exit                                0x08000275   Thumb Code     0  rtexit.o(.ARM.Collect$$rtexit$$00000000)
    __rt_exit_ls                             0x08000277   Thumb Code     0  rtexit2.o(.ARM.Collect$$rtexit$$00000003)
    __rt_exit_prels_1                        0x08000277   Thumb Code     0  rtexit2.o(.ARM.Collect$$rtexit$$00000002)
    __rt_exit_exit                           0x0800027b   Thumb Code     0  rtexit2.o(.ARM.Collect$$rtexit$$00000004)
    main                                     0x08000281   Thumb Code   170  main.o(.text)
    NMI_Handler                              0x08000351   Thumb Code     2  stm32f4xx_it.o(.text)
    HardFault_Handler                        0x08000353   Thumb Code     4  stm32f4xx_it.o(.text)
    MemManage_Handler                        0x08000357   Thumb Code     4  stm32f4xx_it.o(.text)
    BusFault_Handler                         0x0800035b   Thumb Code     4  stm32f4xx_it.o(.text)
    UsageFault_Handler                       0x0800035f   Thumb Code     4  stm32f4xx_it.o(.text)
    SVC_Handler                              0x08000363   Thumb Code     2  stm32f4xx_it.o(.text)
    DebugMon_Handler                         0x08000365   Thumb Code     2  stm32f4xx_it.o(.text)
    PendSV_Handler                           0x08000367   Thumb Code     2  stm32f4xx_it.o(.text)
    SysTick_Handler                          0x08000369   Thumb Code     2  stm32f4xx_it.o(.text)
    SystemInit                               0x08000449   Thumb Code    88  system_stm32f4xx.o(.text)
    SystemCoreClockUpdate                    0x080004a1   Thumb Code   174  system_stm32f4xx.o(.text)
    USART2_IRQHandler                        0x0800057d   Thumb Code    68  rs485.o(.text)
    MdbInit                                  0x080006b7   Thumb Code    16  rs485.o(.text)
    RS485_Send_Data                          0x080006c7   Thumb Code    74  rs485.o(.text)
    IIC_Init                                 0x08000725   Thumb Code    62  myiic.o(.text)
    IIC_Start                                0x08000763   Thumb Code    68  myiic.o(.text)
    IIC_Stop                                 0x080007a7   Thumb Code    62  myiic.o(.text)
    IIC_Wait_Ack                             0x080007e5   Thumb Code    82  myiic.o(.text)
    IIC_Ack                                  0x08000837   Thumb Code    66  myiic.o(.text)
    IIC_NAck                                 0x08000879   Thumb Code    66  myiic.o(.text)
    IIC_Send_Byte                            0x080008bb   Thumb Code    90  myiic.o(.text)
    IIC_Read_Byte                            0x08000915   Thumb Code    94  myiic.o(.text)
    WriteCmd                                 0x08000981   Thumb Code    44  oled.o(.text)
    WriteData                                0x080009ad   Thumb Code    44  oled.o(.text)
    OLED_WR_Byte                             0x080009d9   Thumb Code    24  oled.o(.text)
    OLED_Refresh_Gram                        0x080009f1   Thumb Code    70  oled.o(.text)
    OLED_Display_On                          0x08000a37   Thumb Code    28  oled.o(.text)
    OLED_Display_Off                         0x08000a53   Thumb Code    28  oled.o(.text)
    OLED_Clear                               0x08000a6f   Thumb Code    42  oled.o(.text)
    OLED_DrawPoint                           0x08000a99   Thumb Code   100  oled.o(.text)
    OLED_Fill                                0x08000afd   Thumb Code    58  oled.o(.text)
    OLED_ShowChar                            0x08000b37   Thumb Code   254  oled.o(.text)
    mypow                                    0x08000c35   Thumb Code    22  oled.o(.text)
    OLED_ShowNum                             0x08000c4b   Thumb Code   148  oled.o(.text)
    OLED_ShowString                          0x08000cdf   Thumb Code    94  oled.o(.text)
    OLED_ShowFNum                            0x08000d3d   Thumb Code    62  oled.o(.text)
    OLED_Init                                0x08000d7b   Thumb Code   282  oled.o(.text)
    MdbCrc16                                 0x08000e95   Thumb Code    48  crc.o(.text)
    TIM3_Int_Init                            0x08000ecd   Thumb Code    88  timer.o(.text)
    TIM3_IRQHandler                          0x08000f25   Thumb Code    60  timer.o(.text)
    MotorSpeed1                              0x08000f69   Thumb Code   108  motor.o(.text)
    MotorMode                                0x08000fd5   Thumb Code    62  motor.o(.text)
    MotorInit                                0x08001013   Thumb Code    48  motor.o(.text)
    MotorMode1Start                          0x08001043   Thumb Code   118  motor.o(.text)
    MotorMode3Start                          0x080010b9   Thumb Code    58  motor.o(.text)
    MotorStop                                0x080010f3   Thumb Code    58  motor.o(.text)
    MotorSpeed3                              0x0800112d   Thumb Code   110  motor.o(.text)
    MotorLocation                            0x0800119b   Thumb Code    92  motor.o(.text)
    TIM2_Int_Init                            0x080011fd   Thumb Code    90  timer2.o(.text)
    TIM2_IRQHandler                          0x08001257   Thumb Code    36  timer2.o(.text)
    RecDataProcessing                        0x08001507   Thumb Code   162  datahd.o(.text)
    SendDataInit                             0x080015a9   Thumb Code    26  datahd.o(.text)
    SendDataProcessing                       0x080016a5   Thumb Code   172  datahd.o(.text)
    delay_init                               0x0800177d   Thumb Code    52  delay.o(.text)
    delay_us                                 0x080017b1   Thumb Code    72  delay.o(.text)
    delay_xms                                0x080017f9   Thumb Code    72  delay.o(.text)
    delay_ms                                 0x08001841   Thumb Code    56  delay.o(.text)
    _sys_exit                                0x08001881   Thumb Code     6  usart.o(.text)
    fputc                                    0x08001887   Thumb Code    22  usart.o(.text)
    uart_init                                0x0800189d   Thumb Code   164  usart.o(.text)
    USART1_IRQHandler                        0x08001941   Thumb Code   122  usart.o(.text)
    Reset_Handler                            0x080019cd   Thumb Code     8  startup_stm32f40_41xxx.o(.text)
    ADC_IRQHandler                           0x080019e7   Thumb Code     0  startup_stm32f40_41xxx.o(.text)
    CAN1_RX0_IRQHandler                      0x080019e7   Thumb Code     0  startup_stm32f40_41xxx.o(.text)
    CAN1_RX1_IRQHandler                      0x080019e7   Thumb Code     0  startup_stm32f40_41xxx.o(.text)
    CAN1_SCE_IRQHandler                      0x080019e7   Thumb Code     0  startup_stm32f40_41xxx.o(.text)
    CAN1_TX_IRQHandler                       0x080019e7   Thumb Code     0  startup_stm32f40_41xxx.o(.text)
    CAN2_RX0_IRQHandler                      0x080019e7   Thumb Code     0  startup_stm32f40_41xxx.o(.text)
    CAN2_RX1_IRQHandler                      0x080019e7   Thumb Code     0  startup_stm32f40_41xxx.o(.text)
    CAN2_SCE_IRQHandler                      0x080019e7   Thumb Code     0  startup_stm32f40_41xxx.o(.text)
    CAN2_TX_IRQHandler                       0x080019e7   Thumb Code     0  startup_stm32f40_41xxx.o(.text)
    CRYP_IRQHandler                          0x080019e7   Thumb Code     0  startup_stm32f40_41xxx.o(.text)
    DCMI_IRQHandler                          0x080019e7   Thumb Code     0  startup_stm32f40_41xxx.o(.text)
    DMA1_Stream0_IRQHandler                  0x080019e7   Thumb Code     0  startup_stm32f40_41xxx.o(.text)
    DMA1_Stream1_IRQHandler                  0x080019e7   Thumb Code     0  startup_stm32f40_41xxx.o(.text)
    DMA1_Stream2_IRQHandler                  0x080019e7   Thumb Code     0  startup_stm32f40_41xxx.o(.text)
    DMA1_Stream3_IRQHandler                  0x080019e7   Thumb Code     0  startup_stm32f40_41xxx.o(.text)
    DMA1_Stream4_IRQHandler                  0x080019e7   Thumb Code     0  startup_stm32f40_41xxx.o(.text)
    DMA1_Stream5_IRQHandler                  0x080019e7   Thumb Code     0  startup_stm32f40_41xxx.o(.text)
    DMA1_Stream6_IRQHandler                  0x080019e7   Thumb Code     0  startup_stm32f40_41xxx.o(.text)
    DMA1_Stream7_IRQHandler                  0x080019e7   Thumb Code     0  startup_stm32f40_41xxx.o(.text)
    DMA2_Stream0_IRQHandler                  0x080019e7   Thumb Code     0  startup_stm32f40_41xxx.o(.text)
    DMA2_Stream1_IRQHandler                  0x080019e7   Thumb Code     0  startup_stm32f40_41xxx.o(.text)
    DMA2_Stream2_IRQHandler                  0x080019e7   Thumb Code     0  startup_stm32f40_41xxx.o(.text)
    DMA2_Stream3_IRQHandler                  0x080019e7   Thumb Code     0  startup_stm32f40_41xxx.o(.text)
    DMA2_Stream4_IRQHandler                  0x080019e7   Thumb Code     0  startup_stm32f40_41xxx.o(.text)
    DMA2_Stream5_IRQHandler                  0x080019e7   Thumb Code     0  startup_stm32f40_41xxx.o(.text)
    DMA2_Stream6_IRQHandler                  0x080019e7   Thumb Code     0  startup_stm32f40_41xxx.o(.text)
    DMA2_Stream7_IRQHandler                  0x080019e7   Thumb Code     0  startup_stm32f40_41xxx.o(.text)
    ETH_IRQHandler                           0x080019e7   Thumb Code     0  startup_stm32f40_41xxx.o(.text)
    ETH_WKUP_IRQHandler                      0x080019e7   Thumb Code     0  startup_stm32f40_41xxx.o(.text)
    EXTI0_IRQHandler                         0x080019e7   Thumb Code     0  startup_stm32f40_41xxx.o(.text)
    EXTI15_10_IRQHandler                     0x080019e7   Thumb Code     0  startup_stm32f40_41xxx.o(.text)
    EXTI1_IRQHandler                         0x080019e7   Thumb Code     0  startup_stm32f40_41xxx.o(.text)
    EXTI2_IRQHandler                         0x080019e7   Thumb Code     0  startup_stm32f40_41xxx.o(.text)
    EXTI3_IRQHandler                         0x080019e7   Thumb Code     0  startup_stm32f40_41xxx.o(.text)
    EXTI4_IRQHandler                         0x080019e7   Thumb Code     0  startup_stm32f40_41xxx.o(.text)
    EXTI9_5_IRQHandler                       0x080019e7   Thumb Code     0  startup_stm32f40_41xxx.o(.text)
    FLASH_IRQHandler                         0x080019e7   Thumb Code     0  startup_stm32f40_41xxx.o(.text)
    FPU_IRQHandler                           0x080019e7   Thumb Code     0  startup_stm32f40_41xxx.o(.text)
    FSMC_IRQHandler                          0x080019e7   Thumb Code     0  startup_stm32f40_41xxx.o(.text)
    HASH_RNG_IRQHandler                      0x080019e7   Thumb Code     0  startup_stm32f40_41xxx.o(.text)
    I2C1_ER_IRQHandler                       0x080019e7   Thumb Code     0  startup_stm32f40_41xxx.o(.text)
    I2C1_EV_IRQHandler                       0x080019e7   Thumb Code     0  startup_stm32f40_41xxx.o(.text)
    I2C2_ER_IRQHandler                       0x080019e7   Thumb Code     0  startup_stm32f40_41xxx.o(.text)
    I2C2_EV_IRQHandler                       0x080019e7   Thumb Code     0  startup_stm32f40_41xxx.o(.text)
    I2C3_ER_IRQHandler                       0x080019e7   Thumb Code     0  startup_stm32f40_41xxx.o(.text)
    I2C3_EV_IRQHandler                       0x080019e7   Thumb Code     0  startup_stm32f40_41xxx.o(.text)
    OTG_FS_IRQHandler                        0x080019e7   Thumb Code     0  startup_stm32f40_41xxx.o(.text)
    OTG_FS_WKUP_IRQHandler                   0x080019e7   Thumb Code     0  startup_stm32f40_41xxx.o(.text)
    OTG_HS_EP1_IN_IRQHandler                 0x080019e7   Thumb Code     0  startup_stm32f40_41xxx.o(.text)
    OTG_HS_EP1_OUT_IRQHandler                0x080019e7   Thumb Code     0  startup_stm32f40_41xxx.o(.text)
    OTG_HS_IRQHandler                        0x080019e7   Thumb Code     0  startup_stm32f40_41xxx.o(.text)
    OTG_HS_WKUP_IRQHandler                   0x080019e7   Thumb Code     0  startup_stm32f40_41xxx.o(.text)
    PVD_IRQHandler                           0x080019e7   Thumb Code     0  startup_stm32f40_41xxx.o(.text)
    RCC_IRQHandler                           0x080019e7   Thumb Code     0  startup_stm32f40_41xxx.o(.text)
    RTC_Alarm_IRQHandler                     0x080019e7   Thumb Code     0  startup_stm32f40_41xxx.o(.text)
    RTC_WKUP_IRQHandler                      0x080019e7   Thumb Code     0  startup_stm32f40_41xxx.o(.text)
    SDIO_IRQHandler                          0x080019e7   Thumb Code     0  startup_stm32f40_41xxx.o(.text)
    SPI1_IRQHandler                          0x080019e7   Thumb Code     0  startup_stm32f40_41xxx.o(.text)
    SPI2_IRQHandler                          0x080019e7   Thumb Code     0  startup_stm32f40_41xxx.o(.text)
    SPI3_IRQHandler                          0x080019e7   Thumb Code     0  startup_stm32f40_41xxx.o(.text)
    TAMP_STAMP_IRQHandler                    0x080019e7   Thumb Code     0  startup_stm32f40_41xxx.o(.text)
    TIM1_BRK_TIM9_IRQHandler                 0x080019e7   Thumb Code     0  startup_stm32f40_41xxx.o(.text)
    TIM1_CC_IRQHandler                       0x080019e7   Thumb Code     0  startup_stm32f40_41xxx.o(.text)
    TIM1_TRG_COM_TIM11_IRQHandler            0x080019e7   Thumb Code     0  startup_stm32f40_41xxx.o(.text)
    TIM1_UP_TIM10_IRQHandler                 0x080019e7   Thumb Code     0  startup_stm32f40_41xxx.o(.text)
    TIM4_IRQHandler                          0x080019e7   Thumb Code     0  startup_stm32f40_41xxx.o(.text)
    TIM5_IRQHandler                          0x080019e7   Thumb Code     0  startup_stm32f40_41xxx.o(.text)
    TIM6_DAC_IRQHandler                      0x080019e7   Thumb Code     0  startup_stm32f40_41xxx.o(.text)
    TIM7_IRQHandler                          0x080019e7   Thumb Code     0  startup_stm32f40_41xxx.o(.text)
    TIM8_BRK_TIM12_IRQHandler                0x080019e7   Thumb Code     0  startup_stm32f40_41xxx.o(.text)
    TIM8_CC_IRQHandler                       0x080019e7   Thumb Code     0  startup_stm32f40_41xxx.o(.text)
    TIM8_TRG_COM_TIM14_IRQHandler            0x080019e7   Thumb Code     0  startup_stm32f40_41xxx.o(.text)
    TIM8_UP_TIM13_IRQHandler                 0x080019e7   Thumb Code     0  startup_stm32f40_41xxx.o(.text)
    UART4_IRQHandler                         0x080019e7   Thumb Code     0  startup_stm32f40_41xxx.o(.text)
    UART5_IRQHandler                         0x080019e7   Thumb Code     0  startup_stm32f40_41xxx.o(.text)
    USART3_IRQHandler                        0x080019e7   Thumb Code     0  startup_stm32f40_41xxx.o(.text)
    USART6_IRQHandler                        0x080019e7   Thumb Code     0  startup_stm32f40_41xxx.o(.text)
    WWDG_IRQHandler                          0x080019e7   Thumb Code     0  startup_stm32f40_41xxx.o(.text)
    __user_initial_stackheap                 0x080019e9   Thumb Code     0  startup_stm32f40_41xxx.o(.text)
    NVIC_PriorityGroupConfig                 0x08001a0d   Thumb Code    10  misc.o(.text)
    NVIC_Init                                0x08001a17   Thumb Code   106  misc.o(.text)
    NVIC_SetVectorTable                      0x08001a81   Thumb Code    14  misc.o(.text)
    NVIC_SystemLPConfig                      0x08001a8f   Thumb Code    34  misc.o(.text)
    SysTick_CLKSourceConfig                  0x08001ab1   Thumb Code    40  misc.o(.text)
    GPIO_DeInit                              0x08001aed   Thumb Code   268  stm32f4xx_gpio.o(.text)
    GPIO_Init                                0x08001bf9   Thumb Code   144  stm32f4xx_gpio.o(.text)
    GPIO_StructInit                          0x08001c89   Thumb Code    18  stm32f4xx_gpio.o(.text)
    GPIO_PinLockConfig                       0x08001c9b   Thumb Code    34  stm32f4xx_gpio.o(.text)
    GPIO_ReadInputDataBit                    0x08001cbd   Thumb Code    18  stm32f4xx_gpio.o(.text)
    GPIO_ReadInputData                       0x08001ccf   Thumb Code     8  stm32f4xx_gpio.o(.text)
    GPIO_ReadOutputDataBit                   0x08001cd7   Thumb Code    18  stm32f4xx_gpio.o(.text)
    GPIO_ReadOutputData                      0x08001ce9   Thumb Code     8  stm32f4xx_gpio.o(.text)
    GPIO_SetBits                             0x08001cf1   Thumb Code     4  stm32f4xx_gpio.o(.text)
    GPIO_ResetBits                           0x08001cf5   Thumb Code     4  stm32f4xx_gpio.o(.text)
    GPIO_WriteBit                            0x08001cf9   Thumb Code    10  stm32f4xx_gpio.o(.text)
    GPIO_Write                               0x08001d03   Thumb Code     4  stm32f4xx_gpio.o(.text)
    GPIO_ToggleBits                          0x08001d07   Thumb Code     8  stm32f4xx_gpio.o(.text)
    GPIO_PinAFConfig                         0x08001d0f   Thumb Code    70  stm32f4xx_gpio.o(.text)
    RCC_DeInit                               0x08001d81   Thumb Code    82  stm32f4xx_rcc.o(.text)
    RCC_HSEConfig                            0x08001dd3   Thumb Code    14  stm32f4xx_rcc.o(.text)
    RCC_GetFlagStatus                        0x08001de1   Thumb Code    60  stm32f4xx_rcc.o(.text)
    RCC_WaitForHSEStartUp                    0x08001e1d   Thumb Code    56  stm32f4xx_rcc.o(.text)
    RCC_AdjustHSICalibrationValue            0x08001e55   Thumb Code    20  stm32f4xx_rcc.o(.text)
    RCC_HSICmd                               0x08001e69   Thumb Code     6  stm32f4xx_rcc.o(.text)
    RCC_LSEConfig                            0x08001e6f   Thumb Code    46  stm32f4xx_rcc.o(.text)
    RCC_LSICmd                               0x08001e9d   Thumb Code     6  stm32f4xx_rcc.o(.text)
    RCC_PLLConfig                            0x08001ea3   Thumb Code    32  stm32f4xx_rcc.o(.text)
    RCC_PLLCmd                               0x08001ec3   Thumb Code     6  stm32f4xx_rcc.o(.text)
    RCC_PLLI2SConfig                         0x08001ec9   Thumb Code    14  stm32f4xx_rcc.o(.text)
    RCC_PLLI2SCmd                            0x08001ed7   Thumb Code     6  stm32f4xx_rcc.o(.text)
    RCC_PLLSAIConfig                         0x08001edd   Thumb Code    20  stm32f4xx_rcc.o(.text)
    RCC_PLLSAICmd                            0x08001ef1   Thumb Code     6  stm32f4xx_rcc.o(.text)
    RCC_ClockSecuritySystemCmd               0x08001ef7   Thumb Code     6  stm32f4xx_rcc.o(.text)
    RCC_MCO1Config                           0x08001efd   Thumb Code    28  stm32f4xx_rcc.o(.text)
    RCC_MCO2Config                           0x08001f19   Thumb Code    28  stm32f4xx_rcc.o(.text)
    RCC_SYSCLKConfig                         0x08001f35   Thumb Code    20  stm32f4xx_rcc.o(.text)
    RCC_GetSYSCLKSource                      0x08001f49   Thumb Code    12  stm32f4xx_rcc.o(.text)
    RCC_HCLKConfig                           0x08001f55   Thumb Code    20  stm32f4xx_rcc.o(.text)
    RCC_PCLK1Config                          0x08001f69   Thumb Code    20  stm32f4xx_rcc.o(.text)
    RCC_PCLK2Config                          0x08001f7d   Thumb Code    22  stm32f4xx_rcc.o(.text)
    RCC_GetClocksFreq                        0x08001f93   Thumb Code   222  stm32f4xx_rcc.o(.text)
    RCC_RTCCLKConfig                         0x08002071   Thumb Code    54  stm32f4xx_rcc.o(.text)
    RCC_RTCCLKCmd                            0x080020a7   Thumb Code     8  stm32f4xx_rcc.o(.text)
    RCC_BackupResetCmd                       0x080020af   Thumb Code     8  stm32f4xx_rcc.o(.text)
    RCC_I2SCLKConfig                         0x080020b7   Thumb Code     6  stm32f4xx_rcc.o(.text)
    RCC_SAIPLLI2SClkDivConfig                0x080020bd   Thumb Code    26  stm32f4xx_rcc.o(.text)
    RCC_SAIPLLSAIClkDivConfig                0x080020d7   Thumb Code    28  stm32f4xx_rcc.o(.text)
    RCC_SAIBlockACLKConfig                   0x080020f3   Thumb Code    20  stm32f4xx_rcc.o(.text)
    RCC_SAIBlockBCLKConfig                   0x08002107   Thumb Code    20  stm32f4xx_rcc.o(.text)
    RCC_LTDCCLKDivConfig                     0x0800211b   Thumb Code    20  stm32f4xx_rcc.o(.text)
    RCC_TIMCLKPresConfig                     0x0800212f   Thumb Code     6  stm32f4xx_rcc.o(.text)
    RCC_AHB1PeriphClockCmd                   0x08002135   Thumb Code    34  stm32f4xx_rcc.o(.text)
    RCC_AHB2PeriphClockCmd                   0x08002157   Thumb Code    78  stm32f4xx_rcc.o(.text)
    RCC_AHB3PeriphClockCmd                   0x080021a5   Thumb Code    34  stm32f4xx_rcc.o(.text)
    RCC_APB1PeriphClockCmd                   0x080021c7   Thumb Code    34  stm32f4xx_rcc.o(.text)
    RCC_APB2PeriphClockCmd                   0x080021e9   Thumb Code    34  stm32f4xx_rcc.o(.text)
    RCC_AHB1PeriphResetCmd                   0x0800220b   Thumb Code    34  stm32f4xx_rcc.o(.text)
    RCC_AHB2PeriphResetCmd                   0x0800222d   Thumb Code    34  stm32f4xx_rcc.o(.text)
    RCC_AHB3PeriphResetCmd                   0x0800224f   Thumb Code    34  stm32f4xx_rcc.o(.text)
    RCC_APB1PeriphResetCmd                   0x08002271   Thumb Code    34  stm32f4xx_rcc.o(.text)
    RCC_APB2PeriphResetCmd                   0x08002293   Thumb Code    34  stm32f4xx_rcc.o(.text)
    RCC_AHB1PeriphClockLPModeCmd             0x080022b5   Thumb Code    34  stm32f4xx_rcc.o(.text)
    RCC_AHB2PeriphClockLPModeCmd             0x080022d7   Thumb Code    34  stm32f4xx_rcc.o(.text)
    RCC_AHB3PeriphClockLPModeCmd             0x080022f9   Thumb Code    34  stm32f4xx_rcc.o(.text)
    RCC_APB1PeriphClockLPModeCmd             0x0800231b   Thumb Code    34  stm32f4xx_rcc.o(.text)
    RCC_APB2PeriphClockLPModeCmd             0x0800233d   Thumb Code    34  stm32f4xx_rcc.o(.text)
    RCC_LSEModeConfig                        0x0800235f   Thumb Code    40  stm32f4xx_rcc.o(.text)
    RCC_ITConfig                             0x08002387   Thumb Code    34  stm32f4xx_rcc.o(.text)
    RCC_ClearFlag                            0x080023a9   Thumb Code    18  stm32f4xx_rcc.o(.text)
    RCC_GetITStatus                          0x080023bb   Thumb Code    22  stm32f4xx_rcc.o(.text)
    RCC_ClearITPendingBit                    0x080023d1   Thumb Code     8  stm32f4xx_rcc.o(.text)
    USART_DeInit                             0x080023dd   Thumb Code   206  stm32f4xx_usart.o(.text)
    USART_Init                               0x080024ab   Thumb Code   204  stm32f4xx_usart.o(.text)
    USART_StructInit                         0x08002577   Thumb Code    24  stm32f4xx_usart.o(.text)
    USART_ClockInit                          0x0800258f   Thumb Code    32  stm32f4xx_usart.o(.text)
    USART_ClockStructInit                    0x080025af   Thumb Code    12  stm32f4xx_usart.o(.text)
    USART_Cmd                                0x080025bb   Thumb Code    24  stm32f4xx_usart.o(.text)
    USART_SetPrescaler                       0x080025d3   Thumb Code    16  stm32f4xx_usart.o(.text)
    USART_OverSampling8Cmd                   0x080025e3   Thumb Code    22  stm32f4xx_usart.o(.text)
    USART_OneBitMethodCmd                    0x080025f9   Thumb Code    24  stm32f4xx_usart.o(.text)
    USART_SendData                           0x08002611   Thumb Code     8  stm32f4xx_usart.o(.text)
    USART_ReceiveData                        0x08002619   Thumb Code    10  stm32f4xx_usart.o(.text)
    USART_SetAddress                         0x08002623   Thumb Code    18  stm32f4xx_usart.o(.text)
    USART_ReceiverWakeUpCmd                  0x08002635   Thumb Code    24  stm32f4xx_usart.o(.text)
    USART_WakeUpConfig                       0x0800264d   Thumb Code    18  stm32f4xx_usart.o(.text)
    USART_LINBreakDetectLengthConfig         0x0800265f   Thumb Code    18  stm32f4xx_usart.o(.text)
    USART_LINCmd                             0x08002671   Thumb Code    24  stm32f4xx_usart.o(.text)
    USART_SendBreak                          0x08002689   Thumb Code    10  stm32f4xx_usart.o(.text)
    USART_HalfDuplexCmd                      0x08002693   Thumb Code    24  stm32f4xx_usart.o(.text)
    USART_SetGuardTime                       0x080026ab   Thumb Code    16  stm32f4xx_usart.o(.text)
    USART_SmartCardCmd                       0x080026bb   Thumb Code    24  stm32f4xx_usart.o(.text)
    USART_SmartCardNACKCmd                   0x080026d3   Thumb Code    24  stm32f4xx_usart.o(.text)
    USART_IrDAConfig                         0x080026eb   Thumb Code    18  stm32f4xx_usart.o(.text)
    USART_IrDACmd                            0x080026fd   Thumb Code    24  stm32f4xx_usart.o(.text)
    USART_DMACmd                             0x08002715   Thumb Code    18  stm32f4xx_usart.o(.text)
    USART_ITConfig                           0x08002727   Thumb Code    74  stm32f4xx_usart.o(.text)
    USART_GetFlagStatus                      0x08002771   Thumb Code    26  stm32f4xx_usart.o(.text)
    USART_ClearFlag                          0x0800278b   Thumb Code    18  stm32f4xx_usart.o(.text)
    USART_GetITStatus                        0x0800279d   Thumb Code   118  stm32f4xx_usart.o(.text)
    USART_ClearITPendingBit                  0x08002813   Thumb Code    30  stm32f4xx_usart.o(.text)
    TIM_DeInit                               0x08002831   Thumb Code   346  stm32f4xx_tim.o(.text)
    TIM_TimeBaseInit                         0x0800298b   Thumb Code   104  stm32f4xx_tim.o(.text)
    TIM_TimeBaseStructInit                   0x080029f3   Thumb Code    18  stm32f4xx_tim.o(.text)
    TIM_PrescalerConfig                      0x08002a05   Thumb Code     6  stm32f4xx_tim.o(.text)
    TIM_CounterModeConfig                    0x08002a0b   Thumb Code    18  stm32f4xx_tim.o(.text)
    TIM_SetCounter                           0x08002a1d   Thumb Code     4  stm32f4xx_tim.o(.text)
    TIM_SetAutoreload                        0x08002a21   Thumb Code     4  stm32f4xx_tim.o(.text)
    TIM_GetCounter                           0x08002a25   Thumb Code     6  stm32f4xx_tim.o(.text)
    TIM_GetPrescaler                         0x08002a2b   Thumb Code     6  stm32f4xx_tim.o(.text)
    TIM_UpdateDisableConfig                  0x08002a31   Thumb Code    24  stm32f4xx_tim.o(.text)
    TIM_UpdateRequestConfig                  0x08002a49   Thumb Code    24  stm32f4xx_tim.o(.text)
    TIM_ARRPreloadConfig                     0x08002a61   Thumb Code    24  stm32f4xx_tim.o(.text)
    TIM_SelectOnePulseMode                   0x08002a79   Thumb Code    18  stm32f4xx_tim.o(.text)
    TIM_SetClockDivision                     0x08002a8b   Thumb Code    18  stm32f4xx_tim.o(.text)
    TIM_Cmd                                  0x08002a9d   Thumb Code    24  stm32f4xx_tim.o(.text)
    TIM_OC1Init                              0x08002ab5   Thumb Code   114  stm32f4xx_tim.o(.text)
    TIM_OC2Init                              0x08002b27   Thumb Code   154  stm32f4xx_tim.o(.text)
    TIM_OC3Init                              0x08002bc1   Thumb Code   204  stm32f4xx_tim.o(.text)
    TIM_OC4Init                              0x08002c8d   Thumb Code   112  stm32f4xx_tim.o(.text)
    TIM_OCStructInit                         0x08002cfd   Thumb Code    20  stm32f4xx_tim.o(.text)
    TIM_SelectOCxM                           0x08002d11   Thumb Code    86  stm32f4xx_tim.o(.text)
    TIM_SetCompare1                          0x08002d67   Thumb Code     4  stm32f4xx_tim.o(.text)
    TIM_SetCompare2                          0x08002d6b   Thumb Code     4  stm32f4xx_tim.o(.text)
    TIM_SetCompare3                          0x08002d6f   Thumb Code     4  stm32f4xx_tim.o(.text)
    TIM_SetCompare4                          0x08002d73   Thumb Code     4  stm32f4xx_tim.o(.text)
    TIM_ForcedOC1Config                      0x08002d77   Thumb Code    18  stm32f4xx_tim.o(.text)
    TIM_ForcedOC2Config                      0x08002d89   Thumb Code    26  stm32f4xx_tim.o(.text)
    TIM_ForcedOC3Config                      0x08002da3   Thumb Code    18  stm32f4xx_tim.o(.text)
    TIM_ForcedOC4Config                      0x08002db5   Thumb Code    26  stm32f4xx_tim.o(.text)
    TIM_OC1PreloadConfig                     0x08002dcf   Thumb Code    18  stm32f4xx_tim.o(.text)
    TIM_OC2PreloadConfig                     0x08002de1   Thumb Code    26  stm32f4xx_tim.o(.text)
    TIM_OC3PreloadConfig                     0x08002dfb   Thumb Code    18  stm32f4xx_tim.o(.text)
    TIM_OC4PreloadConfig                     0x08002e0d   Thumb Code    26  stm32f4xx_tim.o(.text)
    TIM_OC1FastConfig                        0x08002e27   Thumb Code    18  stm32f4xx_tim.o(.text)
    TIM_OC2FastConfig                        0x08002e39   Thumb Code    26  stm32f4xx_tim.o(.text)
    TIM_OC3FastConfig                        0x08002e53   Thumb Code    18  stm32f4xx_tim.o(.text)
    TIM_OC4FastConfig                        0x08002e65   Thumb Code    26  stm32f4xx_tim.o(.text)
    TIM_ClearOC1Ref                          0x08002e7f   Thumb Code    18  stm32f4xx_tim.o(.text)
    TIM_ClearOC2Ref                          0x08002e91   Thumb Code    24  stm32f4xx_tim.o(.text)
    TIM_ClearOC3Ref                          0x08002ea9   Thumb Code    18  stm32f4xx_tim.o(.text)
    TIM_ClearOC4Ref                          0x08002ebb   Thumb Code    24  stm32f4xx_tim.o(.text)
    TIM_OC1PolarityConfig                    0x08002ed3   Thumb Code    18  stm32f4xx_tim.o(.text)
    TIM_OC1NPolarityConfig                   0x08002ee5   Thumb Code    18  stm32f4xx_tim.o(.text)
    TIM_OC2PolarityConfig                    0x08002ef7   Thumb Code    26  stm32f4xx_tim.o(.text)
    TIM_OC2NPolarityConfig                   0x08002f11   Thumb Code    26  stm32f4xx_tim.o(.text)
    TIM_OC3PolarityConfig                    0x08002f2b   Thumb Code    26  stm32f4xx_tim.o(.text)
    TIM_OC3NPolarityConfig                   0x08002f45   Thumb Code    26  stm32f4xx_tim.o(.text)
    TIM_OC4PolarityConfig                    0x08002f5f   Thumb Code    26  stm32f4xx_tim.o(.text)
    TIM_CCxCmd                               0x08002f79   Thumb Code    30  stm32f4xx_tim.o(.text)
    TIM_CCxNCmd                              0x08002f97   Thumb Code    30  stm32f4xx_tim.o(.text)
    TIM_SetIC4Prescaler                      0x08002fb5   Thumb Code    26  stm32f4xx_tim.o(.text)
    TIM_SetIC3Prescaler                      0x0800301f   Thumb Code    18  stm32f4xx_tim.o(.text)
    TIM_SetIC2Prescaler                      0x08003079   Thumb Code    26  stm32f4xx_tim.o(.text)
    TIM_SetIC1Prescaler                      0x080030ed   Thumb Code    18  stm32f4xx_tim.o(.text)
    TIM_ICInit                               0x08003139   Thumb Code   110  stm32f4xx_tim.o(.text)
    TIM_ICStructInit                         0x080031a7   Thumb Code    18  stm32f4xx_tim.o(.text)
    TIM_PWMIConfig                           0x080031b9   Thumb Code   124  stm32f4xx_tim.o(.text)
    TIM_GetCapture1                          0x08003235   Thumb Code     6  stm32f4xx_tim.o(.text)
    TIM_GetCapture2                          0x0800323b   Thumb Code     6  stm32f4xx_tim.o(.text)
    TIM_GetCapture3                          0x08003241   Thumb Code     6  stm32f4xx_tim.o(.text)
    TIM_GetCapture4                          0x08003247   Thumb Code     6  stm32f4xx_tim.o(.text)
    TIM_BDTRConfig                           0x0800324d   Thumb Code    32  stm32f4xx_tim.o(.text)
    TIM_BDTRStructInit                       0x0800326d   Thumb Code    18  stm32f4xx_tim.o(.text)
    TIM_CtrlPWMOutputs                       0x0800327f   Thumb Code    30  stm32f4xx_tim.o(.text)
    TIM_SelectCOM                            0x0800329d   Thumb Code    24  stm32f4xx_tim.o(.text)
    TIM_CCPreloadControl                     0x080032b5   Thumb Code    24  stm32f4xx_tim.o(.text)
    TIM_ITConfig                             0x080032cd   Thumb Code    18  stm32f4xx_tim.o(.text)
    TIM_GenerateEvent                        0x080032df   Thumb Code     4  stm32f4xx_tim.o(.text)
    TIM_GetFlagStatus                        0x080032e3   Thumb Code    18  stm32f4xx_tim.o(.text)
    TIM_ClearFlag                            0x080032f5   Thumb Code     6  stm32f4xx_tim.o(.text)
    TIM_GetITStatus                          0x080032fb   Thumb Code    34  stm32f4xx_tim.o(.text)
    TIM_ClearITPendingBit                    0x0800331d   Thumb Code     6  stm32f4xx_tim.o(.text)
    TIM_DMAConfig                            0x08003323   Thumb Code    10  stm32f4xx_tim.o(.text)
    TIM_DMACmd                               0x0800332d   Thumb Code    18  stm32f4xx_tim.o(.text)
    TIM_SelectCCDMA                          0x0800333f   Thumb Code    24  stm32f4xx_tim.o(.text)
    TIM_InternalClockConfig                  0x08003357   Thumb Code    12  stm32f4xx_tim.o(.text)
    TIM_SelectInputTrigger                   0x08003363   Thumb Code    18  stm32f4xx_tim.o(.text)
    TIM_ITRxExternalClockConfig              0x08003375   Thumb Code    24  stm32f4xx_tim.o(.text)
    TIM_TIxExternalClockConfig               0x0800338d   Thumb Code    62  stm32f4xx_tim.o(.text)
    TIM_ETRConfig                            0x080033cb   Thumb Code    28  stm32f4xx_tim.o(.text)
    TIM_ETRClockMode1Config                  0x080033e7   Thumb Code    54  stm32f4xx_tim.o(.text)
    TIM_ETRClockMode2Config                  0x0800341d   Thumb Code    32  stm32f4xx_tim.o(.text)
    TIM_SelectOutputTrigger                  0x0800343d   Thumb Code    18  stm32f4xx_tim.o(.text)
    TIM_SelectSlaveMode                      0x0800344f   Thumb Code    18  stm32f4xx_tim.o(.text)
    TIM_SelectMasterSlaveMode                0x08003461   Thumb Code    18  stm32f4xx_tim.o(.text)
    TIM_EncoderInterfaceConfig               0x08003473   Thumb Code    66  stm32f4xx_tim.o(.text)
    TIM_SelectHallSensor                     0x080034b5   Thumb Code    24  stm32f4xx_tim.o(.text)
    TIM_RemapConfig                          0x080034cd   Thumb Code     6  stm32f4xx_tim.o(.text)
    __use_no_semihosting                     0x080034d3   Thumb Code     2  use_no_semi_2.o(.text)
    __2sprintf                               0x080034d5   Thumb Code    34  noretval__2sprintf.o(.text)
    _printf_pre_padding                      0x080034fd   Thumb Code    44  _printf_pad.o(.text)
    _printf_post_padding                     0x08003529   Thumb Code    34  _printf_pad.o(.text)
    __printf                                 0x0800354b   Thumb Code   270  __printf_wp.o(.text)
    __aeabi_memcpy4                          0x08003659   Thumb Code     0  rt_memcpy_w.o(.text)
    __aeabi_memcpy8                          0x08003659   Thumb Code     0  rt_memcpy_w.o(.text)
    __rt_memcpy_w                            0x08003659   Thumb Code   100  rt_memcpy_w.o(.text)
    _memcpy_lastbytes_aligned                0x080036a1   Thumb Code     0  rt_memcpy_w.o(.text)
    __use_two_region_memory                  0x080036bd   Thumb Code     2  heapauxi.o(.text)
    __rt_heap_escrow$2region                 0x080036bf   Thumb Code     2  heapauxi.o(.text)
    __rt_heap_expand$2region                 0x080036c1   Thumb Code     2  heapauxi.o(.text)
    __I$use$semihosting                      0x080036c3   Thumb Code     0  use_no_semi.o(.text)
    __use_no_semihosting_swi                 0x080036c3   Thumb Code     2  use_no_semi.o(.text)
    __lib_sel_fp_printf                      0x080036c5   Thumb Code     2  _printf_fp_dec.o(.text)
    _printf_fp_dec_real                      0x08003873   Thumb Code   620  _printf_fp_dec.o(.text)
    _printf_char_common                      0x08003aeb   Thumb Code    32  _printf_char_common.o(.text)
    _sputc                                   0x08003b11   Thumb Code    10  _sputc.o(.text)
    __rt_locale                              0x08003b1d   Thumb Code     8  rt_locale_intlibspace.o(.text)
    _ll_udiv10                               0x08003b25   Thumb Code   138  lludiv10.o(.text)
    _printf_fp_infnan                        0x08003bb1   Thumb Code   112  _printf_fp_infnan.o(.text)
    _btod_etento                             0x08003c31   Thumb Code   216  bigflt0.o(.text)
    __user_libspace                          0x08003d0d   Thumb Code     8  libspace.o(.text)
    __user_perproc_libspace                  0x08003d0d   Thumb Code     0  libspace.o(.text)
    __user_perthread_libspace                0x08003d0d   Thumb Code     0  libspace.o(.text)
    __user_setup_stackheap                   0x08003d15   Thumb Code    74  sys_stackheap_outer.o(.text)
    exit                                     0x08003d5f   Thumb Code    18  exit.o(.text)
    strcmp                                   0x08003d71   Thumb Code   128  strcmpv7m.o(.text)
    _btod_d2e                                0x08003df1   Thumb Code    62  btod.o(CL$$btod_d2e)
    _d2e_denorm_low                          0x08003e2f   Thumb Code    70  btod.o(CL$$btod_d2e_denorm_low)
    _d2e_norm_op1                            0x08003e75   Thumb Code    96  btod.o(CL$$btod_d2e_norm_op1)
    __btod_div_common                        0x08003ed5   Thumb Code   696  btod.o(CL$$btod_div_common)
    _e2e                                     0x0800420d   Thumb Code   198  btod.o(CL$$btod_e2e)
    _btod_ediv                               0x080042d3   Thumb Code    40  btod.o(CL$$btod_ediv)
    _btod_emul                               0x080042fb   Thumb Code    40  btod.o(CL$$btod_emul)
    __btod_mult_common                       0x08004323   Thumb Code   580  btod.o(CL$$btod_mult_common)
    __ARM_fpclassify                         0x08004567   Thumb Code    48  fpclassify.o(i.__ARM_fpclassify)
    _is_digit                                0x08004597   Thumb Code    14  __printf_wp.o(i._is_digit)
    _get_lc_numeric                          0x080045a5   Thumb Code    44  lc_numeric_c.o(locale$$code)
    __aeabi_d2f                              0x080045d1   Thumb Code     0  d2f.o(x$fpl$d2f)
    _d2f                                     0x080045d1   Thumb Code    98  d2f.o(x$fpl$d2f)
    __aeabi_dadd                             0x08004635   Thumb Code     0  daddsub_clz.o(x$fpl$dadd)
    _dadd                                    0x08004635   Thumb Code   332  daddsub_clz.o(x$fpl$dadd)
    __aeabi_ddiv                             0x08004785   Thumb Code     0  ddiv.o(x$fpl$ddiv)
    _ddiv                                    0x08004785   Thumb Code   552  ddiv.o(x$fpl$ddiv)
    __aeabi_ui2d                             0x08004a35   Thumb Code     0  dflt_clz.o(x$fpl$dfltu)
    _dfltu                                   0x08004a35   Thumb Code    38  dflt_clz.o(x$fpl$dfltu)
    __fpl_dnaninf                            0x08004a5b   Thumb Code   156  dnaninf.o(x$fpl$dnaninf)
    __fpl_dretinf                            0x08004af7   Thumb Code    12  dretinf.o(x$fpl$dretinf)
    __aeabi_dsub                             0x08004b05   Thumb Code     0  daddsub_clz.o(x$fpl$dsub)
    _dsub                                    0x08004b05   Thumb Code   464  daddsub_clz.o(x$fpl$dsub)
    __aeabi_f2d                              0x08004cd9   Thumb Code     0  f2d.o(x$fpl$f2d)
    _f2d                                     0x08004cd9   Thumb Code    86  f2d.o(x$fpl$f2d)
    __fpl_fnaninf                            0x08004d2f   Thumb Code   140  fnaninf.o(x$fpl$fnaninf)
    _fp_init                                 0x08004dbb   Thumb Code    10  fpinit.o(x$fpl$fpinit)
    __fplib_config_fpu_vfp                   0x08004dc3   Thumb Code     0  fpinit.o(x$fpl$fpinit)
    __fplib_config_pureend_doubles           0x08004dc3   Thumb Code     0  fpinit.o(x$fpl$fpinit)
    __fpl_fretinf                            0x08004dc5   Thumb Code    10  fretinf.o(x$fpl$fretinf)
    _printf_fp_dec                           0x08004dcf   Thumb Code     4  printf1.o(x$fpl$printf1)
    __I$use$fp                               0x08004dd2   Number         0  usenofp.o(x$fpl$usenofp)
    asc2_1206                                0x08004dd2   Data        1140  oled.o(.constdata)
    asc2_1608                                0x08005246   Data        1520  oled.o(.constdata)
    asc2_2412                                0x08005836   Data        3420  oled.o(.constdata)
    Region$$Table$$Base                      0x080066e8   Number         0  anon$$obj.o(Region$$Table)
    Region$$Table$$Limit                     0x08006708   Number         0  anon$$obj.o(Region$$Table)
    SystemCoreClock                          0x20000000   Data           4  system_stm32f4xx.o(.data)
    AHBPrescTable                            0x20000004   Data          16  system_stm32f4xx.o(.data)
    Timer2Flag                               0x20000214   Data           1  timer2.o(.data)
    AI0                                      0x20000218   Data           4  datahd.o(.data)
    AI1                                      0x2000021c   Data           4  datahd.o(.data)
    AI2                                      0x20000220   Data           4  datahd.o(.data)
    AI3                                      0x20000224   Data           4  datahd.o(.data)
    Motor28                                  0x20000228   Data           4  datahd.o(.data)
    pMotor28                                 0x2000022c   Data           4  datahd.o(.data)
    Motor42                                  0x20000230   Data           4  datahd.o(.data)
    pMotor42                                 0x20000234   Data           4  datahd.o(.data)
    IORead                                   0x20000238   Data           1  datahd.o(.data)
    __stdout                                 0x20000240   Data           4  usart.o(.data)
    USART_RX_STA                             0x20000244   Data           2  usart.o(.data)
    MdbReceiveData                           0x20000258   Data          68  rs485.o(.bss)
    OLED_GRAM                                0x2000029c   Data        1056  oled.o(.bss)
    Mdb                                      0x200006bc   Data          65  datahd.o(.bss)
    USART_RX_BUF                             0x200006fd   Data         200  usart.o(.bss)
    __libspace_start                         0x200007c8   Data          96  libspace.o(.bss)
    __temporary_stack_top$libspace           0x20000828   Data           0  libspace.o(.bss)



==============================================================================

Memory Map of the image

  Image Entry point : 0x08000189

  Load Region LR_IROM1 (Base: 0x08000000, Size: 0x0000697c, Max: 0x00100000, ABSOLUTE, COMPRESSED[0x0000686c])

    Execution Region ER_IROM1 (Base: 0x08000000, Size: 0x00006724, Max: 0x00100000, ABSOLUTE)

    Base Addr    Size         Type   Attr      Idx    E Section Name        Object

    0x08000000   0x00000188   Data   RO          504    RESET               startup_stm32f40_41xxx.o
    0x08000188   0x00000008   Code   RO          692  * !!!main             c_w.l(__main.o)
    0x08000190   0x00000034   Code   RO          932    !!!scatter          c_w.l(__scatter.o)
    0x080001c4   0x0000005a   Code   RO          930    !!dczerorl2         c_w.l(__dczerorl2.o)
    0x0800021e   0x00000002   PAD
    0x08000220   0x0000001c   Code   RO          934    !!handler_zi        c_w.l(__scatter_zi.o)
    0x0800023c   0x00000000   Code   RO          687    .ARM.Collect$$_printf_percent$$00000000  c_w.l(_printf_percent.o)
    0x0800023c   0x00000006   Code   RO          686    .ARM.Collect$$_printf_percent$$00000003  c_w.l(_printf_f.o)
    0x08000242   0x00000004   Code   RO          725    .ARM.Collect$$_printf_percent$$00000017  c_w.l(_printf_percent_end.o)
    0x08000246   0x00000002   Code   RO          807    .ARM.Collect$$libinit$$00000000  c_w.l(libinit.o)
    0x08000248   0x00000004   Code   RO          808    .ARM.Collect$$libinit$$00000001  c_w.l(libinit2.o)
    0x0800024c   0x00000000   Code   RO          811    .ARM.Collect$$libinit$$00000004  c_w.l(libinit2.o)
    0x0800024c   0x00000000   Code   RO          814    .ARM.Collect$$libinit$$0000000A  c_w.l(libinit2.o)
    0x0800024c   0x00000000   Code   RO          816    .ARM.Collect$$libinit$$0000000C  c_w.l(libinit2.o)
    0x0800024c   0x00000000   Code   RO          818    .ARM.Collect$$libinit$$0000000E  c_w.l(libinit2.o)
    0x0800024c   0x00000006   Code   RO          819    .ARM.Collect$$libinit$$0000000F  c_w.l(libinit2.o)
    0x08000252   0x00000000   Code   RO          821    .ARM.Collect$$libinit$$00000011  c_w.l(libinit2.o)
    0x08000252   0x00000000   Code   RO          823    .ARM.Collect$$libinit$$00000013  c_w.l(libinit2.o)
    0x08000252   0x00000000   Code   RO          825    .ARM.Collect$$libinit$$00000015  c_w.l(libinit2.o)
    0x08000252   0x0000000a   Code   RO          826    .ARM.Collect$$libinit$$00000016  c_w.l(libinit2.o)
    0x0800025c   0x00000000   Code   RO          827    .ARM.Collect$$libinit$$00000017  c_w.l(libinit2.o)
    0x0800025c   0x00000000   Code   RO          829    .ARM.Collect$$libinit$$00000019  c_w.l(libinit2.o)
    0x0800025c   0x00000000   Code   RO          831    .ARM.Collect$$libinit$$0000001B  c_w.l(libinit2.o)
    0x0800025c   0x00000000   Code   RO          833    .ARM.Collect$$libinit$$0000001D  c_w.l(libinit2.o)
    0x0800025c   0x00000000   Code   RO          835    .ARM.Collect$$libinit$$0000001F  c_w.l(libinit2.o)
    0x0800025c   0x00000000   Code   RO          837    .ARM.Collect$$libinit$$00000021  c_w.l(libinit2.o)
    0x0800025c   0x00000000   Code   RO          839    .ARM.Collect$$libinit$$00000023  c_w.l(libinit2.o)
    0x0800025c   0x00000000   Code   RO          841    .ARM.Collect$$libinit$$00000025  c_w.l(libinit2.o)
    0x0800025c   0x00000000   Code   RO          845    .ARM.Collect$$libinit$$0000002C  c_w.l(libinit2.o)
    0x0800025c   0x00000000   Code   RO          847    .ARM.Collect$$libinit$$0000002E  c_w.l(libinit2.o)
    0x0800025c   0x00000000   Code   RO          849    .ARM.Collect$$libinit$$00000030  c_w.l(libinit2.o)
    0x0800025c   0x00000000   Code   RO          851    .ARM.Collect$$libinit$$00000032  c_w.l(libinit2.o)
    0x0800025c   0x00000002   Code   RO          852    .ARM.Collect$$libinit$$00000033  c_w.l(libinit2.o)
    0x0800025e   0x00000002   Code   RO          880    .ARM.Collect$$libshutdown$$00000000  c_w.l(libshutdown.o)
    0x08000260   0x00000000   Code   RO          889    .ARM.Collect$$libshutdown$$00000002  c_w.l(libshutdown2.o)
    0x08000260   0x00000000   Code   RO          891    .ARM.Collect$$libshutdown$$00000004  c_w.l(libshutdown2.o)
    0x08000260   0x00000000   Code   RO          894    .ARM.Collect$$libshutdown$$00000007  c_w.l(libshutdown2.o)
    0x08000260   0x00000000   Code   RO          897    .ARM.Collect$$libshutdown$$0000000A  c_w.l(libshutdown2.o)
    0x08000260   0x00000000   Code   RO          899    .ARM.Collect$$libshutdown$$0000000C  c_w.l(libshutdown2.o)
    0x08000260   0x00000000   Code   RO          902    .ARM.Collect$$libshutdown$$0000000F  c_w.l(libshutdown2.o)
    0x08000260   0x00000002   Code   RO          903    .ARM.Collect$$libshutdown$$00000010  c_w.l(libshutdown2.o)
    0x08000262   0x00000000   Code   RO          718    .ARM.Collect$$rtentry$$00000000  c_w.l(__rtentry.o)
    0x08000262   0x00000000   Code   RO          736    .ARM.Collect$$rtentry$$00000002  c_w.l(__rtentry2.o)
    0x08000262   0x00000006   Code   RO          748    .ARM.Collect$$rtentry$$00000004  c_w.l(__rtentry4.o)
    0x08000268   0x00000000   Code   RO          738    .ARM.Collect$$rtentry$$00000009  c_w.l(__rtentry2.o)
    0x08000268   0x00000004   Code   RO          739    .ARM.Collect$$rtentry$$0000000A  c_w.l(__rtentry2.o)
    0x0800026c   0x00000000   Code   RO          741    .ARM.Collect$$rtentry$$0000000C  c_w.l(__rtentry2.o)
    0x0800026c   0x00000008   Code   RO          742    .ARM.Collect$$rtentry$$0000000D  c_w.l(__rtentry2.o)
    0x08000274   0x00000002   Code   RO          853    .ARM.Collect$$rtexit$$00000000  c_w.l(rtexit.o)
    0x08000276   0x00000000   Code   RO          860    .ARM.Collect$$rtexit$$00000002  c_w.l(rtexit2.o)
    0x08000276   0x00000004   Code   RO          861    .ARM.Collect$$rtexit$$00000003  c_w.l(rtexit2.o)
    0x0800027a   0x00000006   Code   RO          862    .ARM.Collect$$rtexit$$00000004  c_w.l(rtexit2.o)
    0x08000280   0x000000d0   Code   RO            3    .text               main.o
    0x08000350   0x0000001a   Code   RO          169    .text               stm32f4xx_it.o
    0x0800036a   0x00000002   PAD
    0x0800036c   0x00000210   Code   RO          218    .text               system_stm32f4xx.o
    0x0800057c   0x000001a8   Code   RO          244    .text               rs485.o
    0x08000724   0x0000025c   Code   RO          270    .text               myiic.o
    0x08000980   0x00000514   Code   RO          290    .text               oled.o
    0x08000e94   0x00000038   Code   RO          320    .text               crc.o
    0x08000ecc   0x0000009c   Code   RO          342    .text               timer.o
    0x08000f68   0x00000294   Code   RO          363    .text               motor.o
    0x080011fc   0x00000084   Code   RO          384    .text               timer2.o
    0x08001280   0x000004fc   Code   RO          407    .text               datahd.o
    0x0800177c   0x00000104   Code   RO          433    .text               delay.o
    0x08001880   0x0000014c   Code   RO          473    .text               usart.o
    0x080019cc   0x00000040   Code   RO          505    .text               startup_stm32f40_41xxx.o
    0x08001a0c   0x000000e0   Code   RO          511    .text               misc.o
    0x08001aec   0x00000294   Code   RO          531    .text               stm32f4xx_gpio.o
    0x08001d80   0x0000065c   Code   RO          574    .text               stm32f4xx_rcc.o
    0x080023dc   0x00000454   Code   RO          616    .text               stm32f4xx_usart.o
    0x08002830   0x00000ca2   Code   RO          636    .text               stm32f4xx_tim.o
    0x080034d2   0x00000002   Code   RO          656    .text               c_w.l(use_no_semi_2.o)
    0x080034d4   0x00000028   Code   RO          660    .text               c_w.l(noretval__2sprintf.o)
    0x080034fc   0x0000004e   Code   RO          664    .text               c_w.l(_printf_pad.o)
    0x0800354a   0x0000010e   Code   RO          674    .text               c_w.l(__printf_wp.o)
    0x08003658   0x00000064   Code   RO          688    .text               c_w.l(rt_memcpy_w.o)
    0x080036bc   0x00000006   Code   RO          690    .text               c_w.l(heapauxi.o)
    0x080036c2   0x00000002   Code   RO          716    .text               c_w.l(use_no_semi.o)
    0x080036c4   0x0000041a   Code   RO          719    .text               c_w.l(_printf_fp_dec.o)
    0x08003ade   0x00000002   PAD
    0x08003ae0   0x00000030   Code   RO          721    .text               c_w.l(_printf_char_common.o)
    0x08003b10   0x0000000a   Code   RO          723    .text               c_w.l(_sputc.o)
    0x08003b1a   0x00000002   PAD
    0x08003b1c   0x00000008   Code   RO          753    .text               c_w.l(rt_locale_intlibspace.o)
    0x08003b24   0x0000008a   Code   RO          755    .text               c_w.l(lludiv10.o)
    0x08003bae   0x00000002   PAD
    0x08003bb0   0x00000080   Code   RO          757    .text               c_w.l(_printf_fp_infnan.o)
    0x08003c30   0x000000dc   Code   RO          761    .text               c_w.l(bigflt0.o)
    0x08003d0c   0x00000008   Code   RO          793    .text               c_w.l(libspace.o)
    0x08003d14   0x0000004a   Code   RO          796    .text               c_w.l(sys_stackheap_outer.o)
    0x08003d5e   0x00000012   Code   RO          798    .text               c_w.l(exit.o)
    0x08003d70   0x00000080   Code   RO          800    .text               c_w.l(strcmpv7m.o)
    0x08003df0   0x0000003e   Code   RO          764    CL$$btod_d2e        c_w.l(btod.o)
    0x08003e2e   0x00000046   Code   RO          766    CL$$btod_d2e_denorm_low  c_w.l(btod.o)
    0x08003e74   0x00000060   Code   RO          765    CL$$btod_d2e_norm_op1  c_w.l(btod.o)
    0x08003ed4   0x00000338   Code   RO          774    CL$$btod_div_common  c_w.l(btod.o)
    0x0800420c   0x000000c6   Code   RO          771    CL$$btod_e2e        c_w.l(btod.o)
    0x080042d2   0x00000028   Code   RO          768    CL$$btod_ediv       c_w.l(btod.o)
    0x080042fa   0x00000028   Code   RO          767    CL$$btod_emul       c_w.l(btod.o)
    0x08004322   0x00000244   Code   RO          773    CL$$btod_mult_common  c_w.l(btod.o)
    0x08004566   0x00000030   Code   RO          791    i.__ARM_fpclassify  m_wm.l(fpclassify.o)
    0x08004596   0x0000000e   Code   RO          676    i._is_digit         c_w.l(__printf_wp.o)
    0x080045a4   0x0000002c   Code   RO          787    locale$$code        c_w.l(lc_numeric_c.o)
    0x080045d0   0x00000062   Code   RO          694    x$fpl$d2f           fz_wm.l(d2f.o)
    0x08004632   0x00000002   PAD
    0x08004634   0x00000150   Code   RO          696    x$fpl$dadd          fz_wm.l(daddsub_clz.o)
    0x08004784   0x000002b0   Code   RO          703    x$fpl$ddiv          fz_wm.l(ddiv.o)
    0x08004a34   0x00000026   Code   RO          706    x$fpl$dfltu         fz_wm.l(dflt_clz.o)
    0x08004a5a   0x0000009c   Code   RO          726    x$fpl$dnaninf       fz_wm.l(dnaninf.o)
    0x08004af6   0x0000000c   Code   RO          728    x$fpl$dretinf       fz_wm.l(dretinf.o)
    0x08004b02   0x00000002   PAD
    0x08004b04   0x000001d4   Code   RO          698    x$fpl$dsub          fz_wm.l(daddsub_clz.o)
    0x08004cd8   0x00000056   Code   RO          712    x$fpl$f2d           fz_wm.l(f2d.o)
    0x08004d2e   0x0000008c   Code   RO          730    x$fpl$fnaninf       fz_wm.l(fnaninf.o)
    0x08004dba   0x0000000a   Code   RO          857    x$fpl$fpinit        fz_wm.l(fpinit.o)
    0x08004dc4   0x0000000a   Code   RO          732    x$fpl$fretinf       fz_wm.l(fretinf.o)
    0x08004dce   0x00000004   Code   RO          714    x$fpl$printf1       fz_wm.l(printf1.o)
    0x08004dd2   0x00000000   Code   RO          734    x$fpl$usenofp       fz_wm.l(usenofp.o)
    0x08004dd2   0x000017c0   Data   RO          292    .constdata          oled.o
    0x08006592   0x00000002   PAD
    0x08006594   0x00000098   Data   RO          364    .constdata          motor.o
    0x0800662c   0x00000028   Data   RO          409    .constdata          datahd.o
    0x08006654   0x00000094   Data   RO          762    .constdata          c_w.l(bigflt0.o)
    0x080066e8   0x00000020   Data   RO          928    Region$$Table       anon$$obj.o
    0x08006708   0x0000001c   Data   RO          786    locale$$data        c_w.l(lc_numeric_c.o)


    Execution Region RW_IRAM1 (Base: 0x20000000, Size: 0x00000e28, Max: 0x00020000, ABSOLUTE, COMPRESSED[0x00000148])

    Base Addr    Size         Type   Attr      Idx    E Section Name        Object

    0x20000000   0x00000014   Data   RW          219    .data               system_stm32f4xx.o
    0x20000014   0x00000200   Data   RW          321    .data               crc.o
    0x20000214   0x00000001   Data   RW          385    .data               timer2.o
    0x20000215   0x00000003   PAD
    0x20000218   0x00000021   Data   RW          410    .data               datahd.o
    0x20000239   0x00000001   PAD
    0x2000023a   0x00000004   Data   RW          434    .data               delay.o
    0x2000023e   0x00000002   PAD
    0x20000240   0x00000006   Data   RW          475    .data               usart.o
    0x20000246   0x00000010   Data   RW          575    .data               stm32f4xx_rcc.o
    0x20000256   0x00000002   PAD
    0x20000258   0x00000044   Zero   RW          245    .bss                rs485.o
    0x2000029c   0x00000420   Zero   RW          291    .bss                oled.o
    0x200006bc   0x00000041   Zero   RW          408    .bss                datahd.o
    0x200006fd   0x000000c8   Zero   RW          474    .bss                usart.o
    0x200007c5   0x00000003   PAD
    0x200007c8   0x00000060   Zero   RW          794    .bss                c_w.l(libspace.o)
    0x20000828   0x00000200   Zero   RW          503    HEAP                startup_stm32f40_41xxx.o
    0x20000a28   0x00000400   Zero   RW          502    STACK               startup_stm32f40_41xxx.o


==============================================================================

Image component sizes


      Code (inc. data)   RO Data    RW Data    ZI Data      Debug   Object Name

        56          8          0        512          0       1307   crc.o
      1276        108         40         33         65       4895   datahd.o
       260          8          0          4          0       1501   delay.o
       208         38          0          0          0     283731   main.o
       224         20          0          0          0       1837   misc.o
       660          6        152          0          0       3102   motor.o
       604         14          0          0          0       1932   myiic.o
      1300         40       6080          0       1056       6056   oled.o
       424         20          0          0         68       2121   rs485.o
        64         26        392          0       1536        836   startup_stm32f40_41xxx.o
       660         44          0          0          0       4177   stm32f4xx_gpio.o
        26          0          0          0          0       1234   stm32f4xx_it.o
      1628         52          0         16          0      13064   stm32f4xx_rcc.o
      3234         60          0          0          0      23036   stm32f4xx_tim.o
      1108         34          0          0          0       7904   stm32f4xx_usart.o
       528         46          0         20          0       1807   system_stm32f4xx.o
       156          8          0          0          0        856   timer.o
       132          6          0          1          0       1077   timer2.o
       332         18          0          6        200       3370   usart.o

    ----------------------------------------------------------------------
     12882        556       6698        600       2928     363843   Object Totals
         0          0         32          0          0          0   (incl. Generated)
         2          0          2          8          3          0   (incl. Padding)

    ----------------------------------------------------------------------

      Code (inc. data)   RO Data    RW Data    ZI Data      Debug   Library Member Name

        90          0          0          0          0          0   __dczerorl2.o
         8          0          0          0          0         68   __main.o
       284          0          0          0          0        156   __printf_wp.o
         0          0          0          0          0          0   __rtentry.o
        12          0          0          0          0          0   __rtentry2.o
         6          0          0          0          0          0   __rtentry4.o
        52          8          0          0          0          0   __scatter.o
        28          0          0          0          0          0   __scatter_zi.o
        48          6          0          0          0         96   _printf_char_common.o
         6          0          0          0          0          0   _printf_f.o
      1050          0          0          0          0        216   _printf_fp_dec.o
       128         16          0          0          0         84   _printf_fp_infnan.o
        78          0          0          0          0        108   _printf_pad.o
         0          0          0          0          0          0   _printf_percent.o
         4          0          0          0          0          0   _printf_percent_end.o
        10          0          0          0          0         68   _sputc.o
       220          4        148          0          0         96   bigflt0.o
      1910        128          0          0          0        672   btod.o
        18          0          0          0          0         80   exit.o
         6          0          0          0          0        152   heapauxi.o
        44         10         28          0          0         76   lc_numeric_c.o
         2          0          0          0          0          0   libinit.o
        22          0          0          0          0          0   libinit2.o
         2          0          0          0          0          0   libshutdown.o
         2          0          0          0          0          0   libshutdown2.o
         8          4          0          0         96         68   libspace.o
       138          0          0          0          0         80   lludiv10.o
        40          6          0          0          0         84   noretval__2sprintf.o
         8          4          0          0          0         68   rt_locale_intlibspace.o
       100          0          0          0          0         80   rt_memcpy_w.o
         2          0          0          0          0          0   rtexit.o
        10          0          0          0          0          0   rtexit2.o
       128          0          0          0          0         68   strcmpv7m.o
        74          0          0          0          0         80   sys_stackheap_outer.o
         2          0          0          0          0         68   use_no_semi.o
         2          0          0          0          0         68   use_no_semi_2.o
        98          4          0          0          0        140   d2f.o
       804         16          0          0          0        368   daddsub_clz.o
       688        140          0          0          0        256   ddiv.o
        38          0          0          0          0        116   dflt_clz.o
       156          4          0          0          0        140   dnaninf.o
        12          0          0          0          0        116   dretinf.o
        86          4          0          0          0        132   f2d.o
       140          4          0          0          0        132   fnaninf.o
        10          0          0          0          0        116   fpinit.o
        10          0          0          0          0        116   fretinf.o
         4          0          0          0          0        116   printf1.o
         0          0          0          0          0          0   usenofp.o
        48          0          0          0          0        124   fpclassify.o

    ----------------------------------------------------------------------
      6648        358        176          0         96       4408   Library Totals
        12          0          0          0          0          0   (incl. Padding)

    ----------------------------------------------------------------------

      Code (inc. data)   RO Data    RW Data    ZI Data      Debug   Library Name

      4542        186        176          0         96       2536   c_w.l
      2046        172          0          0          0       1748   fz_wm.l
        48          0          0          0          0        124   m_wm.l

    ----------------------------------------------------------------------
      6648        358        176          0         96       4408   Library Totals

    ----------------------------------------------------------------------

==============================================================================


      Code (inc. data)   RO Data    RW Data    ZI Data      Debug   

     19530        914       6874        600       3024     362599   Grand Totals
     19530        914       6874        328       3024     362599   ELF Image Totals (compressed)
     19530        914       6874        328          0          0   ROM Totals

==============================================================================

    Total RO  Size (Code + RO Data)                26404 (  25.79kB)
    Total RW  Size (RW Data + ZI Data)              3624 (   3.54kB)
    Total ROM Size (Code + RO Data + RW Data)      26732 (  26.11kB)

==============================================================================

